#
# There is insufficient memory for the Java Runtime Environment to continue.
# Native memory allocation (malloc) failed to allocate 1406104 bytes. Error detail: Chunk::new
# Possible reasons:
#   The system is out of physical RAM or swap space
#   This process is running with CompressedOops enabled, and the Java Heap may be blocking the growth of the native heap
# Possible solutions:
#   Reduce memory load on the system
#   Increase physical memory or swap space
#   Check if swap backing store is full
#   Decrease Java heap size (-Xmx/-Xms)
#   Decrease number of Java threads
#   Decrease Java thread stack sizes (-Xss)
#   Set larger code cache with -XX:ReservedCodeCacheSize=
#   JVM is running with Unscaled Compressed Oops mode in which the Java heap is
#     placed in the first 4GB address space. The Java Heap base address is the
#     maximum limit for the native heap growth. Please use -XX:HeapBaseMinAddress
#     to set the Java Heap base and to place the Java Heap above 4GB virtual address.
# This output file may be truncated or incomplete.
#
#  Out of Memory Error (arena.cpp:186), pid=8852, tid=12108
#
# JRE version: OpenJDK Runtime Environment (25.0.2+10) (build 25.0.2+10-69)
# Java VM: OpenJDK 64-Bit Server VM (25.0.2+10-69, mixed mode, sharing, tiered, compressed oops, compressed class ptrs, g1 gc, windows-amd64)
# No core dump will be written. Minidumps are not enabled by default on client versions of Windows
#

---------------  S U M M A R Y ------------

Command Line: -javaagent:C:\Program Files\JetBrains\IntelliJ IDEA 2025.2.1\lib\idea_rt.jar=61042 -Dfile.encoding=UTF-8 -Dsun.stdout.encoding=UTF-8 -Dsun.stderr.encoding=UTF-8 com.raashidh.weather_api.WeatherApiApplication

Host: AMD Ryzen 5 5500U with Radeon Graphics         , 12 cores, 5G,  Windows 11 , 64 bit Build 26100 (10.0.26100.9168)
Time: Thu Aug 20 00:00:58 2026 India Standard Time elapsed time: 0.867417 seconds (0d 0h 0m 0s)

---------------  T H R E A D  ---------------

Current thread (0x0000015b21404870):  JavaThread "C2 CompilerThread0" daemon [_thread_in_native, id=12108, stack(0x000000272cc00000,0x000000272cd00000) (1024K)]


Current CompileTask:
C2:867  855       4       java.lang.StringLatin1::replace (197 bytes)

Stack: [0x000000272cc00000,0x000000272cd00000]
Native frames: (J=compiled Java code, j=interpreted, Vv=VM code, C=native code)
V  [jvm.dll+0x7a70f9]  (no source info available)
V  [jvm.dll+0x772d6d]  (no source info available)
V  [jvm.dll+0x965d53]  (no source info available)
V  [jvm.dll+0x968351]  (no source info available)
V  [jvm.dll+0x968a63]  (no source info available)
V  [jvm.dll+0x2fc846]  (no source info available)
V  [jvm.dll+0x111b16]  (no source info available)
V  [jvm.dll+0x111e3e]  (no source info available)
V  [jvm.dll+0x1a0872]  (no source info available)
V  [jvm.dll+0x3b54c2]  (no source info available)
V  [jvm.dll+0x7aca8f]  (no source info available)
V  [jvm.dll+0x2c0b97]  (no source info available)
V  [jvm.dll+0x2bfb5f]  (no source info available)
V  [jvm.dll+0x2379a0]  (no source info available)
V  [jvm.dll+0x2cfc86]  (no source info available)
V  [jvm.dll+0x2cdf05]  (no source info available)
V  [jvm.dll+0x48e9d1]  (no source info available)
V  [jvm.dll+0x906fcd]  (no source info available)
V  [jvm.dll+0x7a56d5]  (no source info available)
C  [ucrtbase.dll+0x2cd30]  (no source info available)
C  [KERNEL32.DLL+0x2ccb7]  (no source info available)
C  [ntdll.dll+0xaad6c]  (no source info available)

Lock stack of current Java thread (top to bottom):


---------------  P R O C E S S  ---------------

Threads class SMR info:
_java_thread_list=0x0000015b26063820, length=12, elements={
0x0000015b04bb6f20, 0x0000015b213f8660, 0x0000015b213f9c30, 0x0000015b21401640,
0x0000015b21402200, 0x0000015b21402dc0, 0x0000015b21403980, 0x0000015b21404870,
0x0000015b2140d6f0, 0x0000015b2160ebe0, 0x0000015b26073040, 0x0000015b26074810
}

Java Threads: ( => current thread )
  0x0000015b04bb6f20 JavaThread "main"                              [_thread_in_vm, id=14340, stack(0x000000272be00000,0x000000272bf00000) (1024K)]
  0x0000015b213f8660 JavaThread "Reference Handler"          daemon [_thread_blocked, id=15740, stack(0x000000272c600000,0x000000272c700000) (1024K)]
  0x0000015b213f9c30 JavaThread "Finalizer"                  daemon [_thread_blocked, id=17988, stack(0x000000272c700000,0x000000272c800000) (1024K)]
  0x0000015b21401640 JavaThread "Signal Dispatcher"          daemon [_thread_blocked, id=5592, stack(0x000000272c800000,0x000000272c900000) (1024K)]
  0x0000015b21402200 JavaThread "Attach Listener"            daemon [_thread_in_vm, id=8292, stack(0x000000272c900000,0x000000272ca00000) (1024K)]
  0x0000015b21402dc0 JavaThread "Service Thread"             daemon [_thread_blocked, id=3528, stack(0x000000272ca00000,0x000000272cb00000) (1024K)]
  0x0000015b21403980 JavaThread "Monitor Deflation Thread"   daemon [_thread_blocked, id=4712, stack(0x000000272cb00000,0x000000272cc00000) (1024K)]
=>0x0000015b21404870 JavaThread "C2 CompilerThread0"         daemon [_thread_in_native, id=12108, stack(0x000000272cc00000,0x000000272cd00000) (1024K)]
  0x0000015b2140d6f0 JavaThread "C1 CompilerThread0"         daemon [_thread_blocked, id=7928, stack(0x000000272cd00000,0x000000272ce00000) (1024K)]
  0x0000015b2160ebe0 JavaThread "Common-Cleaner"             daemon [_thread_blocked, id=22224, stack(0x000000272ce00000,0x000000272cf00000) (1024K)]
  0x0000015b26073040 JavaThread "Monitor Ctrl-Break"         daemon [_thread_in_native, id=14972, stack(0x000000272cf00000,0x000000272d000000) (1024K)]
  0x0000015b26074810 JavaThread "Notification Thread"        daemon [_thread_blocked, id=18644, stack(0x000000272d000000,0x000000272d100000) (1024K)]
Total: 12

Other Threads:
  0x0000015b213e41e0 VMThread "VM Thread"                           [id=15280, stack(0x000000272c500000,0x000000272c600000) (1024K)]
  0x0000015b213d18f0 WatcherThread "VM Periodic Task Thread"        [id=12700, stack(0x000000272c400000,0x000000272c500000) (1024K)]
  0x0000015b04c01230 WorkerThread "GC Thread#0"                     [id=23156, stack(0x000000272bf00000,0x000000272c000000) (1024K)]
  0x0000015b04c13be0 ConcurrentGCThread "G1 Main Marker"            [id=3144, stack(0x000000272c000000,0x000000272c100000) (1024K)]
  0x0000015b04c17580 WorkerThread "G1 Conc#0"                       [id=7612, stack(0x000000272c100000,0x000000272c200000) (1024K)]
  0x0000015b04c6e130 ConcurrentGCThread "G1 Refine#0"               [id=3048, stack(0x000000272c200000,0x000000272c300000) (1024K)]
  0x0000015b212a30a0 ConcurrentGCThread "G1 Service"                [id=8872, stack(0x000000272c300000,0x000000272c400000) (1024K)]
Total: 7

Threads with active compile tasks:
C2 CompilerThread0  1118  855       4       java.lang.StringLatin1::replace (197 bytes)
Total: 1

VM state: not at safepoint (normal execution)

VM Mutex/Monitor currently owned by a thread: None

Heap address: 0x00000000a2600000, size: 1498 MB, Compressed Oops mode: 32-bit

CDS archive(s) mapped at: [0x0000000009000000-0x0000000009dd0000-0x0000000009dd0000), size 14483456, SharedBaseAddress: 0x0000000009000000, ArchiveRelocationMode: 1.
Compressed class space mapped at: 0x000000000a000000-0x000000004a000000, reserved size: 1073741824
UseCompressedClassPointers 1, UseCompactObjectHeaders 0
Narrow klass pointer bits 32, Max shift 3
Narrow klass base: 0x0000000009000000, Narrow klass shift: 0
Encoding Range: [0x0000000009000000 - 0x0000000109000000), (4294967296 bytes)
Klass Range:    [0x0000000009010000 - 0x000000004a000000), (1090453504 bytes)
Klass ID Range:  [65536 - 1090519033) (1090453497)
Protection zone: [0x0000000009000000 - 0x0000000009010000), (65536 bytes)

GC Precious Log:
 CardTable entry size: 512
 Card Set container configuration: InlinePtr #cards 5 size 8 Array Of Cards #cards 10 size 36 Howl #buckets 4 coarsen threshold 1843 Howl Bitmap #cards 512 size 80 coarsen threshold 460 Card regions per heap region 1 cards per card region 2048
 CPUs: 12 total, 12 available
 Memory: 5989M
 Large Page Support: Disabled
 NUMA Support: Disabled
 Compressed Oops: Enabled (32-bit)
 Heap Region Size: 1M
 Heap Min Capacity: 8M
 Heap Initial Capacity: 94M
 Heap Max Capacity: 1498M
 Pre-touch: Disabled
 Parallel Workers: 10
 Concurrent Workers: 3
 Concurrent Refinement Workers: 10
 Periodic GC: Disabled

Heap:
 garbage-first heap   total reserved 1533952K, committed 98304K, used 18579K [0x00000000a2600000, 0x0000000100000000)
  region size 1024K, 18 young (18432K), 0 survivors (0K)

Heap Regions: E=young(eden), S=young(survivor), O=old, HS=humongous(starts), HC=humongous(continues), CS=collection set, F=free, TAMS=top-at-mark-start, PB=parsable bottom
|   0|0x00000000a2600000, 0x00000000a2600000, 0x00000000a2700000|  0%| F|  |TAMS 0x00000000a2600000| PB 0x00000000a2600000| Untracked |  0
|   1|0x00000000a2700000, 0x00000000a2700000, 0x00000000a2800000|  0%| F|  |TAMS 0x00000000a2700000| PB 0x00000000a2700000| Untracked |  0
|   2|0x00000000a2800000, 0x00000000a2800000, 0x00000000a2900000|  0%| F|  |TAMS 0x00000000a2800000| PB 0x00000000a2800000| Untracked |  0
|   3|0x00000000a2900000, 0x00000000a2900000, 0x00000000a2a00000|  0%| F|  |TAMS 0x00000000a2900000| PB 0x00000000a2900000| Untracked |  0
|   4|0x00000000a2a00000, 0x00000000a2a00000, 0x00000000a2b00000|  0%| F|  |TAMS 0x00000000a2a00000| PB 0x00000000a2a00000| Untracked |  0
|   5|0x00000000a2b00000, 0x00000000a2b00000, 0x00000000a2c00000|  0%| F|  |TAMS 0x00000000a2b00000| PB 0x00000000a2b00000| Untracked |  0
|   6|0x00000000a2c00000, 0x00000000a2c00000, 0x00000000a2d00000|  0%| F|  |TAMS 0x00000000a2c00000| PB 0x00000000a2c00000| Untracked |  0
|   7|0x00000000a2d00000, 0x00000000a2d00000, 0x00000000a2e00000|  0%| F|  |TAMS 0x00000000a2d00000| PB 0x00000000a2d00000| Untracked |  0
|   8|0x00000000a2e00000, 0x00000000a2e00000, 0x00000000a2f00000|  0%| F|  |TAMS 0x00000000a2e00000| PB 0x00000000a2e00000| Untracked |  0
|   9|0x00000000a2f00000, 0x00000000a2f00000, 0x00000000a3000000|  0%| F|  |TAMS 0x00000000a2f00000| PB 0x00000000a2f00000| Untracked |  0
|  10|0x00000000a3000000, 0x00000000a3000000, 0x00000000a3100000|  0%| F|  |TAMS 0x00000000a3000000| PB 0x00000000a3000000| Untracked |  0
|  11|0x00000000a3100000, 0x00000000a3100000, 0x00000000a3200000|  0%| F|  |TAMS 0x00000000a3100000| PB 0x00000000a3100000| Untracked |  0
|  12|0x00000000a3200000, 0x00000000a3200000, 0x00000000a3300000|  0%| F|  |TAMS 0x00000000a3200000| PB 0x00000000a3200000| Untracked |  0
|  13|0x00000000a3300000, 0x00000000a3300000, 0x00000000a3400000|  0%| F|  |TAMS 0x00000000a3300000| PB 0x00000000a3300000| Untracked |  0
|  14|0x00000000a3400000, 0x00000000a3400000, 0x00000000a3500000|  0%| F|  |TAMS 0x00000000a3400000| PB 0x00000000a3400000| Untracked |  0
|  15|0x00000000a3500000, 0x00000000a3500000, 0x00000000a3600000|  0%| F|  |TAMS 0x00000000a3500000| PB 0x00000000a3500000| Untracked |  0
|  16|0x00000000a3600000, 0x00000000a3600000, 0x00000000a3700000|  0%| F|  |TAMS 0x00000000a3600000| PB 0x00000000a3600000| Untracked |  0
|  17|0x00000000a3700000, 0x00000000a3700000, 0x00000000a3800000|  0%| F|  |TAMS 0x00000000a3700000| PB 0x00000000a3700000| Untracked |  0
|  18|0x00000000a3800000, 0x00000000a3800000, 0x00000000a3900000|  0%| F|  |TAMS 0x00000000a3800000| PB 0x00000000a3800000| Untracked |  0
|  19|0x00000000a3900000, 0x00000000a3900000, 0x00000000a3a00000|  0%| F|  |TAMS 0x00000000a3900000| PB 0x00000000a3900000| Untracked |  0
|  20|0x00000000a3a00000, 0x00000000a3a00000, 0x00000000a3b00000|  0%| F|  |TAMS 0x00000000a3a00000| PB 0x00000000a3a00000| Untracked |  0
|  21|0x00000000a3b00000, 0x00000000a3b00000, 0x00000000a3c00000|  0%| F|  |TAMS 0x00000000a3b00000| PB 0x00000000a3b00000| Untracked |  0
|  22|0x00000000a3c00000, 0x00000000a3c00000, 0x00000000a3d00000|  0%| F|  |TAMS 0x00000000a3c00000| PB 0x00000000a3c00000| Untracked |  0
|  23|0x00000000a3d00000, 0x00000000a3d00000, 0x00000000a3e00000|  0%| F|  |TAMS 0x00000000a3d00000| PB 0x00000000a3d00000| Untracked |  0
|  24|0x00000000a3e00000, 0x00000000a3e00000, 0x00000000a3f00000|  0%| F|  |TAMS 0x00000000a3e00000| PB 0x00000000a3e00000| Untracked |  0
|  25|0x00000000a3f00000, 0x00000000a3f00000, 0x00000000a4000000|  0%| F|  |TAMS 0x00000000a3f00000| PB 0x00000000a3f00000| Untracked |  0
|  26|0x00000000a4000000, 0x00000000a4000000, 0x00000000a4100000|  0%| F|  |TAMS 0x00000000a4000000| PB 0x00000000a4000000| Untracked |  0
|  27|0x00000000a4100000, 0x00000000a4100000, 0x00000000a4200000|  0%| F|  |TAMS 0x00000000a4100000| PB 0x00000000a4100000| Untracked |  0
|  28|0x00000000a4200000, 0x00000000a4200000, 0x00000000a4300000|  0%| F|  |TAMS 0x00000000a4200000| PB 0x00000000a4200000| Untracked |  0
|  29|0x00000000a4300000, 0x00000000a4300000, 0x00000000a4400000|  0%| F|  |TAMS 0x00000000a4300000| PB 0x00000000a4300000| Untracked |  0
|  30|0x00000000a4400000, 0x00000000a4400000, 0x00000000a4500000|  0%| F|  |TAMS 0x00000000a4400000| PB 0x00000000a4400000| Untracked |  0
|  31|0x00000000a4500000, 0x00000000a4500000, 0x00000000a4600000|  0%| F|  |TAMS 0x00000000a4500000| PB 0x00000000a4500000| Untracked |  0
|  32|0x00000000a4600000, 0x00000000a4600000, 0x00000000a4700000|  0%| F|  |TAMS 0x00000000a4600000| PB 0x00000000a4600000| Untracked |  0
|  33|0x00000000a4700000, 0x00000000a4700000, 0x00000000a4800000|  0%| F|  |TAMS 0x00000000a4700000| PB 0x00000000a4700000| Untracked |  0
|  34|0x00000000a4800000, 0x00000000a4800000, 0x00000000a4900000|  0%| F|  |TAMS 0x00000000a4800000| PB 0x00000000a4800000| Untracked |  0
|  35|0x00000000a4900000, 0x00000000a4900000, 0x00000000a4a00000|  0%| F|  |TAMS 0x00000000a4900000| PB 0x00000000a4900000| Untracked |  0
|  36|0x00000000a4a00000, 0x00000000a4a00000, 0x00000000a4b00000|  0%| F|  |TAMS 0x00000000a4a00000| PB 0x00000000a4a00000| Untracked |  0
|  37|0x00000000a4b00000, 0x00000000a4b00000, 0x00000000a4c00000|  0%| F|  |TAMS 0x00000000a4b00000| PB 0x00000000a4b00000| Untracked |  0
|  38|0x00000000a4c00000, 0x00000000a4c00000, 0x00000000a4d00000|  0%| F|  |TAMS 0x00000000a4c00000| PB 0x00000000a4c00000| Untracked |  0
|  39|0x00000000a4d00000, 0x00000000a4d00000, 0x00000000a4e00000|  0%| F|  |TAMS 0x00000000a4d00000| PB 0x00000000a4d00000| Untracked |  0
|  40|0x00000000a4e00000, 0x00000000a4e00000, 0x00000000a4f00000|  0%| F|  |TAMS 0x00000000a4e00000| PB 0x00000000a4e00000| Untracked |  0
|  41|0x00000000a4f00000, 0x00000000a4f00000, 0x00000000a5000000|  0%| F|  |TAMS 0x00000000a4f00000| PB 0x00000000a4f00000| Untracked |  0
|  42|0x00000000a5000000, 0x00000000a5000000, 0x00000000a5100000|  0%| F|  |TAMS 0x00000000a5000000| PB 0x00000000a5000000| Untracked |  0
|  43|0x00000000a5100000, 0x00000000a5100000, 0x00000000a5200000|  0%| F|  |TAMS 0x00000000a5100000| PB 0x00000000a5100000| Untracked |  0
|  44|0x00000000a5200000, 0x00000000a5200000, 0x00000000a5300000|  0%| F|  |TAMS 0x00000000a5200000| PB 0x00000000a5200000| Untracked |  0
|  45|0x00000000a5300000, 0x00000000a5300000, 0x00000000a5400000|  0%| F|  |TAMS 0x00000000a5300000| PB 0x00000000a5300000| Untracked |  0
|  46|0x00000000a5400000, 0x00000000a5400000, 0x00000000a5500000|  0%| F|  |TAMS 0x00000000a5400000| PB 0x00000000a5400000| Untracked |  0
|  47|0x00000000a5500000, 0x00000000a5500000, 0x00000000a5600000|  0%| F|  |TAMS 0x00000000a5500000| PB 0x00000000a5500000| Untracked |  0
|  48|0x00000000a5600000, 0x00000000a5600000, 0x00000000a5700000|  0%| F|  |TAMS 0x00000000a5600000| PB 0x00000000a5600000| Untracked |  0
|  49|0x00000000a5700000, 0x00000000a5700000, 0x00000000a5800000|  0%| F|  |TAMS 0x00000000a5700000| PB 0x00000000a5700000| Untracked |  0
|  50|0x00000000a5800000, 0x00000000a5800000, 0x00000000a5900000|  0%| F|  |TAMS 0x00000000a5800000| PB 0x00000000a5800000| Untracked |  0
|  51|0x00000000a5900000, 0x00000000a5900000, 0x00000000a5a00000|  0%| F|  |TAMS 0x00000000a5900000| PB 0x00000000a5900000| Untracked |  0
|  52|0x00000000a5a00000, 0x00000000a5a00000, 0x00000000a5b00000|  0%| F|  |TAMS 0x00000000a5a00000| PB 0x00000000a5a00000| Untracked |  0
|  53|0x00000000a5b00000, 0x00000000a5b00000, 0x00000000a5c00000|  0%| F|  |TAMS 0x00000000a5b00000| PB 0x00000000a5b00000| Untracked |  0
|  54|0x00000000a5c00000, 0x00000000a5c00000, 0x00000000a5d00000|  0%| F|  |TAMS 0x00000000a5c00000| PB 0x00000000a5c00000| Untracked |  0
|  55|0x00000000a5d00000, 0x00000000a5d00000, 0x00000000a5e00000|  0%| F|  |TAMS 0x00000000a5d00000| PB 0x00000000a5d00000| Untracked |  0
|  56|0x00000000a5e00000, 0x00000000a5e00000, 0x00000000a5f00000|  0%| F|  |TAMS 0x00000000a5e00000| PB 0x00000000a5e00000| Untracked |  0
|  57|0x00000000a5f00000, 0x00000000a5f00000, 0x00000000a6000000|  0%| F|  |TAMS 0x00000000a5f00000| PB 0x00000000a5f00000| Untracked |  0
|  58|0x00000000a6000000, 0x00000000a6000000, 0x00000000a6100000|  0%| F|  |TAMS 0x00000000a6000000| PB 0x00000000a6000000| Untracked |  0
|  59|0x00000000a6100000, 0x00000000a6100000, 0x00000000a6200000|  0%| F|  |TAMS 0x00000000a6100000| PB 0x00000000a6100000| Untracked |  0
|  60|0x00000000a6200000, 0x00000000a6200000, 0x00000000a6300000|  0%| F|  |TAMS 0x00000000a6200000| PB 0x00000000a6200000| Untracked |  0
|  61|0x00000000a6300000, 0x00000000a6300000, 0x00000000a6400000|  0%| F|  |TAMS 0x00000000a6300000| PB 0x00000000a6300000| Untracked |  0
|  62|0x00000000a6400000, 0x00000000a6400000, 0x00000000a6500000|  0%| F|  |TAMS 0x00000000a6400000| PB 0x00000000a6400000| Untracked |  0
|  63|0x00000000a6500000, 0x00000000a6500000, 0x00000000a6600000|  0%| F|  |TAMS 0x00000000a6500000| PB 0x00000000a6500000| Untracked |  0
|  64|0x00000000a6600000, 0x00000000a6600000, 0x00000000a6700000|  0%| F|  |TAMS 0x00000000a6600000| PB 0x00000000a6600000| Untracked |  0
|  65|0x00000000a6700000, 0x00000000a6700000, 0x00000000a6800000|  0%| F|  |TAMS 0x00000000a6700000| PB 0x00000000a6700000| Untracked |  0
|  66|0x00000000a6800000, 0x00000000a6800000, 0x00000000a6900000|  0%| F|  |TAMS 0x00000000a6800000| PB 0x00000000a6800000| Untracked |  0
|  67|0x00000000a6900000, 0x00000000a6900000, 0x00000000a6a00000|  0%| F|  |TAMS 0x00000000a6900000| PB 0x00000000a6900000| Untracked |  0
|  68|0x00000000a6a00000, 0x00000000a6a00000, 0x00000000a6b00000|  0%| F|  |TAMS 0x00000000a6a00000| PB 0x00000000a6a00000| Untracked |  0
|  69|0x00000000a6b00000, 0x00000000a6b00000, 0x00000000a6c00000|  0%| F|  |TAMS 0x00000000a6b00000| PB 0x00000000a6b00000| Untracked |  0
|  70|0x00000000a6c00000, 0x00000000a6c00000, 0x00000000a6d00000|  0%| F|  |TAMS 0x00000000a6c00000| PB 0x00000000a6c00000| Untracked |  0
|  71|0x00000000a6d00000, 0x00000000a6d00000, 0x00000000a6e00000|  0%| F|  |TAMS 0x00000000a6d00000| PB 0x00000000a6d00000| Untracked |  0
|  72|0x00000000a6e00000, 0x00000000a6e00000, 0x00000000a6f00000|  0%| F|  |TAMS 0x00000000a6e00000| PB 0x00000000a6e00000| Untracked |  0
|  73|0x00000000a6f00000, 0x00000000a6f00000, 0x00000000a7000000|  0%| F|  |TAMS 0x00000000a6f00000| PB 0x00000000a6f00000| Untracked |  0
|  74|0x00000000a7000000, 0x00000000a7000000, 0x00000000a7100000|  0%| F|  |TAMS 0x00000000a7000000| PB 0x00000000a7000000| Untracked |  0
|  75|0x00000000a7100000, 0x00000000a7100000, 0x00000000a7200000|  0%| F|  |TAMS 0x00000000a7100000| PB 0x00000000a7100000| Untracked |  0
|  76|0x00000000a7200000, 0x00000000a7300000, 0x00000000a7300000|100%| E|  |TAMS 0x00000000a7200000| PB 0x00000000a7200000| Complete |  0
|  77|0x00000000a7300000, 0x00000000a7400000, 0x00000000a7400000|100%| E|CS|TAMS 0x00000000a7300000| PB 0x00000000a7300000| Complete |  0
|  78|0x00000000a7400000, 0x00000000a7500000, 0x00000000a7500000|100%| E|CS|TAMS 0x00000000a7400000| PB 0x00000000a7400000| Complete |  0
|  79|0x00000000a7500000, 0x00000000a7600000, 0x00000000a7600000|100%| E|CS|TAMS 0x00000000a7500000| PB 0x00000000a7500000| Complete |  0
|  80|0x00000000a7600000, 0x00000000a7700000, 0x00000000a7700000|100%| E|CS|TAMS 0x00000000a7600000| PB 0x00000000a7600000| Complete |  0
|  81|0x00000000a7700000, 0x00000000a7800000, 0x00000000a7800000|100%| E|CS|TAMS 0x00000000a7700000| PB 0x00000000a7700000| Complete |  0
|  82|0x00000000a7800000, 0x00000000a7900000, 0x00000000a7900000|100%| E|CS|TAMS 0x00000000a7800000| PB 0x00000000a7800000| Complete |  0
|  83|0x00000000a7900000, 0x00000000a7a00000, 0x00000000a7a00000|100%| E|CS|TAMS 0x00000000a7900000| PB 0x00000000a7900000| Complete |  0
|  84|0x00000000a7a00000, 0x00000000a7b00000, 0x00000000a7b00000|100%| E|CS|TAMS 0x00000000a7a00000| PB 0x00000000a7a00000| Complete |  0
|  85|0x00000000a7b00000, 0x00000000a7c00000, 0x00000000a7c00000|100%| E|CS|TAMS 0x00000000a7b00000| PB 0x00000000a7b00000| Complete |  0
|  86|0x00000000a7c00000, 0x00000000a7d00000, 0x00000000a7d00000|100%| E|CS|TAMS 0x00000000a7c00000| PB 0x00000000a7c00000| Complete |  0
|  87|0x00000000a7d00000, 0x00000000a7e00000, 0x00000000a7e00000|100%| E|CS|TAMS 0x00000000a7d00000| PB 0x00000000a7d00000| Complete |  0
|  88|0x00000000a7e00000, 0x00000000a7f00000, 0x00000000a7f00000|100%| E|CS|TAMS 0x00000000a7e00000| PB 0x00000000a7e00000| Complete |  0
|  89|0x00000000a7f00000, 0x00000000a8000000, 0x00000000a8000000|100%| E|CS|TAMS 0x00000000a7f00000| PB 0x00000000a7f00000| Complete |  0
|  90|0x00000000a8000000, 0x00000000a8100000, 0x00000000a8100000|100%| E|CS|TAMS 0x00000000a8000000| PB 0x00000000a8000000| Complete |  0
|  91|0x00000000a8100000, 0x00000000a8200000, 0x00000000a8200000|100%| E|CS|TAMS 0x00000000a8100000| PB 0x00000000a8100000| Complete |  0
|  92|0x00000000a8200000, 0x00000000a8300000, 0x00000000a8300000|100%| E|CS|TAMS 0x00000000a8200000| PB 0x00000000a8200000| Complete |  0
|  93|0x00000000a8300000, 0x00000000a8400000, 0x00000000a8400000|100%| E|CS|TAMS 0x00000000a8300000| PB 0x00000000a8300000| Complete |  0
|1496|0x00000000ffe00000, 0x00000000fff00000, 0x00000000fff00000|100%| O|  |TAMS 0x00000000ffe00000| PB 0x00000000ffe00000| Untracked |  0
|1497|0x00000000fff00000, 0x00000000fff24ea8, 0x0000000100000000| 14%| O|  |TAMS 0x00000000fff00000| PB 0x00000000fff00000| Untracked |  0

Card table byte_map: [0x0000015b1cd90000,0x0000015b1d080000] _byte_map_base: 0x0000015b1c87d000

Marking Bits: (CMBitMap*) 0x0000015b04c019c0
 Bits: [0x0000015b1d080000, 0x0000015b1e7e8000)

Polling page: 0x0000015b02a50000

Metaspace:
Metaspace        used 6410K, committed 6656K, reserved 1114112K
 class space     used 669K, committed 768K, reserved 1048576K

Usage:
  Non-class:      5.61 MB used.
      Class:    669.41 KB used.
       Both:      6.26 MB used.

Virtual space:
  Non-class space:       64.00 MB reserved,       5.75 MB (  9%) committed,  1 nodes.
      Class space:        1.00 GB reserved,     768.00 KB ( <1%) committed,  1 nodes.
             Both:        1.06 GB reserved,       6.50 MB ( <1%) committed. 

Chunk freelists:
   Non-Class:  10.12 MB
       Class:  15.18 MB
        Both:  25.30 MB

MaxMetaspaceSize: unlimited
CompressedClassSpaceSize: 1.00 GB
Initial GC threshold: 21.00 MB
Current GC threshold: 21.00 MB
CDS: on
 - commit_granule_bytes: 65536.
 - commit_granule_words: 8192.
 - virtual_space_node_default_size: 8388608.
 - enlarge_chunks_in_place: 1.
UseCompressedClassPointers 1, UseCompactObjectHeaders 0
Narrow klass pointer bits 32, Max shift 3
Narrow klass base: 0x0000000009000000, Narrow klass shift: 0
Encoding Range: [0x0000000009000000 - 0x0000000109000000), (4294967296 bytes)
Klass Range:    [0x0000000009010000 - 0x000000004a000000), (1090453504 bytes)
Klass ID Range:  [65536 - 1090519033) (1090453497)
Protection zone: [0x0000000009000000 - 0x0000000009010000), (65536 bytes)


Internal statistics:

num_allocs_failed_limit: 0.
num_arena_births: 68.
num_arena_deaths: 0.
num_vsnodes_births: 2.
num_vsnodes_deaths: 0.
num_space_committed: 104.
num_space_uncommitted: 0.
num_chunks_returned_to_freelist: 0.
num_chunks_taken_from_freelist: 154.
num_chunk_merges: 0.
num_chunk_splits: 88.
num_chunks_enlarged: 53.
num_inconsistent_stats: 0.

CodeHeap 'non-profiled nmethods': size=120064Kb used=283Kb max_used=283Kb free=119780Kb
 bounds [0x0000015b14f00000, 0x0000015b15170000, 0x0000015b1c440000]
CodeHeap 'profiled nmethods': size=120000Kb used=1464Kb max_used=1464Kb free=118535Kb
 bounds [0x0000015b0d440000, 0x0000015b0d6b0000, 0x0000015b14970000]
CodeHeap 'non-nmethods': size=5696Kb used=1376Kb max_used=1376Kb free=4319Kb
 bounds [0x0000015b14970000, 0x0000015b14be0000, 0x0000015b14f00000]
CodeCache: size=245760Kb, used=3123Kb, max_used=3123Kb, free=242634Kb
 total_blobs=1719, nmethods=1219, adapters=403, full_count=0
Compilation: enabled, stopped_count=0, restarted_count=0

Compilation events (20 events):
Event: 0.854 Thread 0x0000015b2140d6f0  875       3       java.util.TreeMap$ValueIterator::next (8 bytes)
Event: 0.854 Thread 0x0000015b2140d6f0 nmethod 875 0x0000015b0d536a08 code [0x0000015b0d536b00, 0x0000015b0d536cc0]
Event: 0.855 Thread 0x0000015b2140d6f0  876       3       java.util.WeakHashMap::matchesKey (33 bytes)
Event: 0.856 Thread 0x0000015b2140d6f0 nmethod 876 0x0000015b0d536d08 code [0x0000015b0d536e00, 0x0000015b0d537368]
Event: 0.856 Thread 0x0000015b2140d6f0  878       3       java.util.TreeMap$EntryIterator::next (5 bytes)
Event: 0.856 Thread 0x0000015b2140d6f0 nmethod 878 0x0000015b0d537388 code [0x0000015b0d537480, 0x0000015b0d537708]
Event: 0.856 Thread 0x0000015b2140d6f0  879       3       java.util.TreeMap$EntryIterator::next (5 bytes)
Event: 0.856 Thread 0x0000015b2140d6f0 nmethod 879 0x0000015b0d537788 code [0x0000015b0d537880, 0x0000015b0d537a38]
Event: 0.856 Thread 0x0000015b2140d6f0  880       3       java.util.TreeMap::addEntryToEmptyMap (37 bytes)
Event: 0.857 Thread 0x0000015b2140d6f0 nmethod 880 0x0000015b0d537a88 code [0x0000015b0d537b80, 0x0000015b0d538298]
Event: 0.857 Thread 0x0000015b2140d6f0  877       1       java.lang.reflect.Method::getAnnotationBytes (5 bytes)
Event: 0.857 Thread 0x0000015b2140d6f0 nmethod 877 0x0000015b14f3d688 code [0x0000015b14f3d780, 0x0000015b14f3d848]
Event: 0.858 Thread 0x0000015b2140d6f0  881       1       jdk.internal.classfile.impl.RawBytecodeHelper$CodeRange::length (5 bytes)
Event: 0.859 Thread 0x0000015b2140d6f0 nmethod 881 0x0000015b14f3d988 code [0x0000015b14f3da80, 0x0000015b14f3db48]
Event: 0.859 Thread 0x0000015b2140d6f0  884       3       jdk.internal.classfile.impl.AbstractPoolEntry$AbstractRefEntry::writeTo (18 bytes)
Event: 0.859 Thread 0x0000015b2140d6f0 nmethod 884 0x0000015b0d538308 code [0x0000015b0d538400, 0x0000015b0d538768]
Event: 0.859 Thread 0x0000015b2140d6f0  882       1       jdk.internal.classfile.impl.StackMapGenerator::maxStack (5 bytes)
Event: 0.859 Thread 0x0000015b2140d6f0 nmethod 882 0x0000015b14f3dc88 code [0x0000015b14f3dd80, 0x0000015b14f3de48]
Event: 0.859 Thread 0x0000015b2140d6f0  883       1       jdk.internal.classfile.impl.StackMapGenerator::maxLocals (5 bytes)
Event: 0.859 Thread 0x0000015b2140d6f0 nmethod 883 0x0000015b14f3df88 code [0x0000015b14f3e080, 0x0000015b14f3e148]

GC Heap Usage History (0 events):
No events

Metaspace Usage History (0 events):
No events

Dll operation events (10 events):
Event: 0.027 Loaded shared library C:\Users\mdraa\.jdks\openjdk-25.0.2\bin\java.dll
Event: 0.326 Loaded shared library C:\Users\mdraa\.jdks\openjdk-25.0.2\bin\zip.dll
Event: 0.332 Loaded shared library C:\Users\mdraa\.jdks\openjdk-25.0.2\bin\instrument.dll
Event: 0.350 Loaded shared library C:\Users\mdraa\.jdks\openjdk-25.0.2\bin\net.dll
Event: 0.357 Loaded shared library C:\Users\mdraa\.jdks\openjdk-25.0.2\bin\nio.dll
Event: 0.365 Loaded shared library C:\Users\mdraa\.jdks\openjdk-25.0.2\bin\zip.dll
Event: 0.408 Loaded shared library C:\Users\mdraa\.jdks\openjdk-25.0.2\bin\jimage.dll
Event: 0.583 Loaded shared library C:\Users\mdraa\.jdks\openjdk-25.0.2\bin\extnet.dll
Event: 0.601 Loaded shared library C:\Users\mdraa\.jdks\openjdk-25.0.2\bin\management.dll
Event: 0.643 Loaded shared library C:\Users\mdraa\.jdks\openjdk-25.0.2\bin\management_ext.dll

Deoptimization events (20 events):
Event: 0.523 Thread 0x0000015b21402200 DEOPT PACKING pc=0x0000015b14f14d74 sp=0x000000272c9fd9c0
Event: 0.523 Thread 0x0000015b21402200 DEOPT UNPACKING pc=0x0000015b14a91402 sp=0x000000272c9fd950 mode 2
Event: 0.543 Thread 0x0000015b04bb6f20 Uncommon trap: trap_request=0xffffff45 fr.pc=0x0000015b14f24158 relative=0x0000000000000058
Event: 0.543 Thread 0x0000015b04bb6f20 Uncommon trap: reason=unstable_if action=reinterpret pc=0x0000015b14f24158 method=java.lang.String.isLatin1()Z @ 10 c2
Event: 0.543 Thread 0x0000015b04bb6f20 DEOPT PACKING pc=0x0000015b14f24158 sp=0x000000272befea40
Event: 0.543 Thread 0x0000015b04bb6f20 DEOPT UNPACKING pc=0x0000015b14a91402 sp=0x000000272befe9d0 mode 2
Event: 0.543 Thread 0x0000015b04bb6f20 Uncommon trap: trap_request=0xffffff45 fr.pc=0x0000015b14f00eac relative=0x00000000000000ac
Event: 0.543 Thread 0x0000015b04bb6f20 Uncommon trap: reason=unstable_if action=reinterpret pc=0x0000015b14f00eac method=java.lang.String.isLatin1()Z @ 10 c2
Event: 0.543 Thread 0x0000015b04bb6f20 DEOPT PACKING pc=0x0000015b14f00eac sp=0x000000272beff2c0
Event: 0.543 Thread 0x0000015b04bb6f20 DEOPT UNPACKING pc=0x0000015b14a91402 sp=0x000000272beff200 mode 2
Event: 0.709 Thread 0x0000015b21402200 Uncommon trap: trap_request=0xffffffde fr.pc=0x0000015b14f25f00 relative=0x0000000000000900
Event: 0.709 Thread 0x0000015b21402200 Uncommon trap: reason=class_check action=maybe_recompile pc=0x0000015b14f25f00 method=java.util.HashMap.putVal(ILjava/lang/Object;Ljava/lang/Object;ZZ)Ljava/lang/Object; @ 253 c2
Event: 0.709 Thread 0x0000015b21402200 DEOPT PACKING pc=0x0000015b14f25f00 sp=0x000000272c9fe0d0
Event: 0.709 Thread 0x0000015b21402200 DEOPT UNPACKING pc=0x0000015b14a91402 sp=0x000000272c9fdff8 mode 2
Event: 0.709 Thread 0x0000015b21402200 Uncommon trap: trap_request=0xffffff45 fr.pc=0x0000015b14f25f44 relative=0x0000000000000944
Event: 0.709 Thread 0x0000015b21402200 Uncommon trap: reason=unstable_if action=reinterpret pc=0x0000015b14f25f44 method=java.util.HashMap.putVal(ILjava/lang/Object;Ljava/lang/Object;ZZ)Ljava/lang/Object; @ 81 c2
Event: 0.709 Thread 0x0000015b21402200 DEOPT PACKING pc=0x0000015b14f25f44 sp=0x000000272c9fe0d0
Event: 0.709 Thread 0x0000015b21402200 DEOPT UNPACKING pc=0x0000015b14a91402 sp=0x000000272c9fdff8 mode 2
Event: 0.729 Thread 0x0000015b04bb6f20 DEOPT PACKING pc=0x0000015b0d442919 sp=0x000000272befc7a0
Event: 0.729 Thread 0x0000015b04bb6f20 DEOPT UNPACKING pc=0x0000015b149c1702 sp=0x000000272befbbf0 mode 0

Classes loaded (20 events):
Event: 0.859 Loading class jdk/jfr/internal/dcmd/AbstractDCmd done
Event: 0.859 Loading class jdk/jfr/internal/dcmd/DCmdView done
Event: 0.859 Loading class jdk/jfr/internal/util/Output$LinePrinter
Event: 0.859 Loading class jdk/jfr/internal/util/Output
Event: 0.860 Loading class jdk/jfr/internal/util/Output done
Event: 0.860 Loading class jdk/jfr/internal/util/Output$LinePrinter done
Event: 0.860 Loading class jdk/jfr/internal/dcmd/Argument
Event: 0.860 Loading class jdk/jfr/internal/dcmd/Argument done
Event: 0.860 Loading class jdk/jfr/internal/dcmd/DCmdStop
Event: 0.860 Loading class jdk/jfr/internal/dcmd/DCmdStop done
Event: 0.861 Loading class jdk/jfr/internal/dcmd/DCmdStart
Event: 0.861 Loading class jdk/jfr/internal/dcmd/DCmdStart done
Event: 0.862 Loading class jdk/jfr/internal/dcmd/DCmdDump
Event: 0.862 Loading class jdk/jfr/internal/dcmd/DCmdDump done
Event: 0.862 Loading class jdk/jfr/internal/dcmd/DCmdCheck
Event: 0.863 Loading class jdk/jfr/internal/dcmd/DCmdCheck done
Event: 0.864 Loading class java/lang/NumberFormatException
Event: 0.864 Loading class java/lang/NumberFormatException done
Event: 0.864 Loading class com/sun/management/internal/DiagnosticCommandImpl$Wrapper
Event: 0.864 Loading class com/sun/management/internal/DiagnosticCommandImpl$Wrapper done

Classes unloaded (0 events):
No events

Classes redefined (0 events):
No events

Internal exceptions (13 events):
Event: 0.517 Thread 0x0000015b04bb6f20 Exception <a 'java/lang/NoSuchMethodError'{0x00000000a7e75f38}: 'void java.lang.invoke.DirectMethodHandle$Holder.invokeStatic(java.lang.Object, java.lang.Object, java.lang.Object)'> (0x00000000a7e75f38) 
thrown [s\open\src\hotspot\share\interpreter\linkResolver.cpp, line 804]
Event: 0.529 Thread 0x0000015b21402200 Exception <a 'java/lang/NoSuchMethodError'{0x00000000a7ed75b0}: 'java.lang.Object java.lang.invoke.DirectMethodHandle$Holder.newInvokeSpecial(java.lang.Object, java.lang.Object, java.lang.Object, int)'> (0x00000000a7ed75b0) 
thrown [s\open\src\hotspot\share\interpreter\linkResolver.cpp, line 804]
Event: 0.530 Thread 0x0000015b21402200 Exception <a 'java/lang/NoSuchMethodError'{0x00000000a7ee01e8}: 'java.lang.Object java.lang.invoke.Invokers$Holder.linkToTargetMethod(java.lang.Object, java.lang.Object, int, java.lang.Object)'> (0x00000000a7ee01e8) 
thrown [s\open\src\hotspot\share\interpreter\linkResolver.cpp, line 804]
Event: 0.535 Thread 0x0000015b04bb6f20 Exception <a 'java/lang/NoSuchMethodError'{0x00000000a7d1a860}: 'java.lang.Object java.lang.invoke.Invokers$Holder.invokeExact_MT(java.lang.Object, java.lang.Object, java.lang.Object, java.lang.Object, java.lang.Object)'> (0x00000000a7d1a860) 
thrown [s\open\src\hotspot\share\interpreter\linkResolver.cpp, line 804]
Event: 0.576 Thread 0x0000015b26073040 Exception <a 'java/lang/NoSuchMethodError'{0x00000000a7c0cfb8}: 'java.lang.Object java.lang.invoke.DirectMethodHandle$Holder.invokeStaticInit(java.lang.Object)'> (0x00000000a7c0cfb8) 
thrown [s\open\src\hotspot\share\interpreter\linkResolver.cpp, line 804]
Event: 0.588 Thread 0x0000015b26073040 Exception <a 'java/lang/NoSuchMethodError'{0x00000000a7c17930}: 'void java.lang.invoke.DirectMethodHandle$Holder.invokeStatic(java.lang.Object, java.lang.Object)'> (0x00000000a7c17930) 
thrown [s\open\src\hotspot\share\interpreter\linkResolver.cpp, line 804]
Event: 0.623 Thread 0x0000015b04bb6f20 Exception <a 'java/lang/NoSuchMethodError'{0x00000000a7cc1910}: 'java.lang.Object java.lang.invoke.DirectMethodHandle$Holder.invokeStaticInit(java.lang.Object, java.lang.Object, java.lang.Object)'> (0x00000000a7cc1910) 
thrown [s\open\src\hotspot\share\interpreter\linkResolver.cpp, line 804]
Event: 0.653 Thread 0x0000015b21402200 Exception <a 'java/lang/NoSuchMethodError'{0x00000000a7dc73e0}: 'int java.lang.invoke.DirectMethodHandle$Holder.invokeInterface(java.lang.Object, java.lang.Object)'> (0x00000000a7dc73e0) 
thrown [s\open\src\hotspot\share\interpreter\linkResolver.cpp, line 804]
Event: 0.655 Thread 0x0000015b21402200 Exception <a 'java/lang/IncompatibleClassChangeError'{0x00000000a7dcf098}: Found class java.lang.Object, but interface was expected> (0x00000000a7dcf098) 
thrown [s\open\src\hotspot\share\interpreter\linkResolver.cpp, line 871]
Event: 0.740 Thread 0x0000015b04bb6f20 Exception <a 'java/lang/NoSuchMethodError'{0x00000000a7bd6150}: 'void java.lang.invoke.DirectMethodHandle$Holder.invokeStatic(java.lang.Object, java.lang.Object, java.lang.Object, java.lang.Object)'> (0x00000000a7bd6150) 
thrown [s\open\src\hotspot\share\interpreter\linkResolver.cpp, line 804]
Event: 0.760 Thread 0x0000015b21402200 Exception <a 'java/lang/NoSuchMethodError'{0x00000000a7a69d10}: 'void java.lang.invoke.DirectMethodHandle$Holder.invokeSpecial(java.lang.Object, java.lang.Object, java.lang.Object)'> (0x00000000a7a69d10) 
thrown [s\open\src\hotspot\share\interpreter\linkResolver.cpp, line 804]
Event: 0.850 Thread 0x0000015b04bb6f20 Exception <a 'java/lang/NoSuchMethodError'{0x00000000a794b1e0}: 'int java.lang.invoke.DirectMethodHandle$Holder.invokeStatic(java.lang.Object)'> (0x00000000a794b1e0) 
thrown [s\open\src\hotspot\share\interpreter\linkResolver.cpp, line 804]
Event: 0.852 Thread 0x0000015b04bb6f20 Exception <a 'java/lang/NoSuchMethodError'{0x00000000a7952ed0}: 'int java.lang.invoke.DirectMethodHandle$Holder.invokeStaticInit(java.lang.Object)'> (0x00000000a7952ed0) 
thrown [s\open\src\hotspot\share\interpreter\linkResolver.cpp, line 804]

VM Operations (6 events):
Event: 0.293 Executing non-safepoint VM operation: HandshakeAllThreads (Deoptimize)
Event: 0.293 Executing non-safepoint VM operation: HandshakeAllThreads (Deoptimize) done
Event: 0.426 Executing non-safepoint VM operation: HandshakeAllThreads (Deoptimize)
Event: 0.426 Executing non-safepoint VM operation: HandshakeAllThreads (Deoptimize) done
Event: 0.733 Executing non-safepoint VM operation: HandshakeAllThreads (Deoptimize)
Event: 0.733 Executing non-safepoint VM operation: HandshakeAllThreads (Deoptimize) done

Memory protections (0 events):
No events

Nmethod flushes (0 events):
No events

Events (12 events):
Event: 0.062 Thread 0x0000015b04bb6f20 Thread added: 0x0000015b04bb6f20
Event: 0.090 Thread 0x0000015b04bb6f20 Thread added: 0x0000015b213f8660
Event: 0.091 Thread 0x0000015b04bb6f20 Thread added: 0x0000015b213f9c30
Event: 0.091 Thread 0x0000015b04bb6f20 Thread added: 0x0000015b21401640
Event: 0.091 Thread 0x0000015b04bb6f20 Thread added: 0x0000015b21402200
Event: 0.092 Thread 0x0000015b04bb6f20 Thread added: 0x0000015b21402dc0
Event: 0.092 Thread 0x0000015b04bb6f20 Thread added: 0x0000015b21403980
Event: 0.092 Thread 0x0000015b04bb6f20 Thread added: 0x0000015b21404870
Event: 0.092 Thread 0x0000015b04bb6f20 Thread added: 0x0000015b2140d6f0
Event: 0.345 Thread 0x0000015b04bb6f20 Thread added: 0x0000015b2160ebe0
Event: 0.542 Thread 0x0000015b04bb6f20 Thread added: 0x0000015b26073040
Event: 0.542 Thread 0x0000015b04bb6f20 Thread added: 0x0000015b26074810


Dynamic libraries:
0x00007ff79aad0000 - 0x00007ff79aade000 	C:\Users\mdraa\.jdks\openjdk-25.0.2\bin\java.exe
0x00007ffaa9000000 - 0x00007ffaa9266000 	C:\WINDOWS\SYSTEM32\ntdll.dll
0x00007ffaa8b00000 - 0x00007ffaa8bc9000 	C:\WINDOWS\System32\KERNEL32.DLL
0x00007ffaa6210000 - 0x00007ffaa660f000 	C:\WINDOWS\System32\KERNELBASE.dll
0x00007ffaa6980000 - 0x00007ffaa6acc000 	C:\WINDOWS\System32\ucrtbase.dll
0x00007ffa953e0000 - 0x00007ffa953f7000 	C:\Users\mdraa\.jdks\openjdk-25.0.2\bin\jli.dll
0x00007ffaa7220000 - 0x00007ffaa73e6000 	C:\WINDOWS\System32\USER32.dll
0x00007ffaa66e0000 - 0x00007ffaa6707000 	C:\WINDOWS\System32\win32u.dll
0x00007ffaa70b0000 - 0x00007ffaa70db000 	C:\WINDOWS\System32\GDI32.dll
0x00007ffaa6850000 - 0x00007ffaa6979000 	C:\WINDOWS\System32\gdi32full.dll
0x00007ffaa67a0000 - 0x00007ffaa6843000 	C:\WINDOWS\System32\msvcp_win.dll
0x00007ffa7d7a0000 - 0x00007ffa7d7be000 	C:\Users\mdraa\.jdks\openjdk-25.0.2\bin\VCRUNTIME140.dll
0x00007ffa91220000 - 0x00007ffa914b1000 	C:\WINDOWS\WinSxS\amd64_microsoft.windows.common-controls_6595b64144ccf1df_6.0.26100.8972_none_3e0da176e32f9d4b\COMCTL32.dll
0x00007ffaa8970000 - 0x00007ffaa8a19000 	C:\WINDOWS\System32\msvcrt.dll
0x00007ffaa70e0000 - 0x00007ffaa7112000 	C:\WINDOWS\System32\IMM32.DLL
0x00007ffa7d8f0000 - 0x00007ffa7d8fc000 	C:\Users\mdraa\.jdks\openjdk-25.0.2\bin\vcruntime140_1.dll
0x00007ff9fb420000 - 0x00007ff9fb4ad000 	C:\Users\mdraa\.jdks\openjdk-25.0.2\bin\msvcp140.dll
0x00007ff9acc80000 - 0x00007ff9adadf000 	C:\Users\mdraa\.jdks\openjdk-25.0.2\bin\server\jvm.dll
0x00007ffaa8a30000 - 0x00007ffaa8aec000 	C:\WINDOWS\System32\ADVAPI32.dll
0x00007ffaa6d30000 - 0x00007ffaa6dda000 	C:\WINDOWS\System32\sechost.dll
0x00007ffaa7950000 - 0x00007ffaa7a68000 	C:\WINDOWS\System32\RPCRT4.dll
0x00007ffaa78c0000 - 0x00007ffaa7942000 	C:\WINDOWS\System32\WS2_32.dll
0x00007ffa9d1c0000 - 0x00007ffa9d1f6000 	C:\WINDOWS\SYSTEM32\WINMM.dll
0x00007ffaa6090000 - 0x00007ffaa60ee000 	C:\WINDOWS\SYSTEM32\POWRPROF.dll
0x00007ffa9f370000 - 0x00007ffa9f37b000 	C:\WINDOWS\SYSTEM32\VERSION.dll
0x00007ffaa6070000 - 0x00007ffaa6085000 	C:\WINDOWS\SYSTEM32\UMPDC.dll
0x00007ffaa4f00000 - 0x00007ffaa4f1b000 	C:\WINDOWS\SYSTEM32\kernel.appcore.dll
0x00007ffa7d790000 - 0x00007ffa7d79a000 	C:\Users\mdraa\.jdks\openjdk-25.0.2\bin\jimage.dll
0x00007ffa9a2a0000 - 0x00007ffa9a4e2000 	C:\WINDOWS\SYSTEM32\DBGHELP.DLL
0x00007ffaa7400000 - 0x00007ffaa7785000 	C:\WINDOWS\System32\combase.dll
0x00007ffaa77e0000 - 0x00007ffaa78b9000 	C:\WINDOWS\System32\OLEAUT32.dll
0x00007ffa8d110000 - 0x00007ffa8d14b000 	C:\WINDOWS\SYSTEM32\dbgcore.DLL
0x00007ffaa6ae0000 - 0x00007ffaa6b8c000 	C:\WINDOWS\System32\bcryptPrimitives.dll
0x00007ffa95530000 - 0x00007ffa95540000 	C:\Users\mdraa\.jdks\openjdk-25.0.2\bin\instrument.dll
0x00007ffa75a60000 - 0x00007ffa75a7f000 	C:\Users\mdraa\.jdks\openjdk-25.0.2\bin\java.dll
0x00007ffaa8bf0000 - 0x00007ffaa8d89000 	C:\WINDOWS\System32\ole32.dll
0x00007ffaa81e0000 - 0x00007ffaa8968000 	C:\WINDOWS\System32\SHELL32.dll
0x00007ffaa3cb0000 - 0x00007ffaa454b000 	C:\WINDOWS\SYSTEM32\windows.storage.dll
0x00007ffaa6fb0000 - 0x00007ffaa70a9000 	C:\WINDOWS\System32\SHCORE.dll
0x00007ffaa7120000 - 0x00007ffaa7186000 	C:\WINDOWS\System32\shlwapi.dll
0x00007ffaa6130000 - 0x00007ffaa6159000 	C:\WINDOWS\SYSTEM32\profapi.dll
0x00007ffa4a650000 - 0x00007ffa4a667000 	C:\Users\mdraa\.jdks\openjdk-25.0.2\bin\zip.dll
0x00007ffa6f900000 - 0x00007ffa6f912000 	C:\Users\mdraa\.jdks\openjdk-25.0.2\bin\net.dll
0x00007ffaa54b0000 - 0x00007ffaa551c000 	C:\WINDOWS\system32\mswsock.dll
0x00007ffa6d760000 - 0x00007ffa6d776000 	C:\Users\mdraa\.jdks\openjdk-25.0.2\bin\nio.dll
0x00007ffaa48c0000 - 0x00007ffaa4a18000 	C:\WINDOWS\SYSTEM32\DNSAPI.dll
0x00007ffaa5290000 - 0x00007ffaa529d000 	C:\WINDOWS\SYSTEM32\DSPARSE.dll
0x00007ffaa4880000 - 0x00007ffaa48b3000 	C:\WINDOWS\SYSTEM32\IPHLPAPI.DLL
0x00007ffaa73f0000 - 0x00007ffaa73fa000 	C:\WINDOWS\System32\NSI.dll
0x00007ffa7d570000 - 0x00007ffa7d579000 	C:\Users\mdraa\.jdks\openjdk-25.0.2\bin\extnet.dll
0x00007ffa99fd0000 - 0x00007ffa99fdb000 	C:\Windows\System32\rasadhlp.dll
0x00007ffa9a800000 - 0x00007ffa9a886000 	C:\WINDOWS\System32\fwpuclnt.dll
0x00007ffa7e3f0000 - 0x00007ffa7e3fa000 	C:\Users\mdraa\.jdks\openjdk-25.0.2\bin\management.dll
0x00007ffa73290000 - 0x00007ffa7329c000 	C:\Users\mdraa\.jdks\openjdk-25.0.2\bin\management_ext.dll
0x00007ffaa6de0000 - 0x00007ffaa6de8000 	C:\WINDOWS\System32\PSAPI.DLL

JVMTI agents:
C:\Program Files\JetBrains\IntelliJ IDEA 2025.2.1\lib\idea_rt.jar path:C:\Users\mdraa\.jdks\openjdk-25.0.2\bin\instrument.dll, loaded, initialized, instrumentlib options:61042

dbghelp: loaded successfully - version: 4.0.5 - missing functions: none
symbol engine: initialized successfully - sym options: 0x614 - pdb path: .;C:\Users\mdraa\.jdks\openjdk-25.0.2\bin;C:\WINDOWS\SYSTEM32;C:\WINDOWS\WinSxS\amd64_microsoft.windows.common-controls_6595b64144ccf1df_6.0.26100.8972_none_3e0da176e32f9d4b;C:\Users\mdraa\.jdks\openjdk-25.0.2\bin\server

VM Arguments:
jvm_args: -javaagent:C:\Program Files\JetBrains\IntelliJ IDEA 2025.2.1\lib\idea_rt.jar=61042 -Dfile.encoding=UTF-8 -Dsun.stdout.encoding=UTF-8 -Dsun.stderr.encoding=UTF-8 
java_command: com.raashidh.weather_api.WeatherApiApplication
java_class_path (initial): D:\Spring\weather-api\target\classes;C:\Users\mdraa\.m2\repository\org\springframework\boot\spring-boot-starter-actuator\4.1.0\spring-boot-starter-actuator-4.1.0.jar;C:\Users\mdraa\.m2\repository\org\springframework\boot\spring-boot-starter\4.1.0\spring-boot-starter-4.1.0.jar;C:\Users\mdraa\.m2\repository\org\springframework\boot\spring-boot-starter-logging\4.1.0\spring-boot-starter-logging-4.1.0.jar;C:\Users\mdraa\.m2\repository\ch\qos\logback\logback-classic\1.5.34\logback-classic-1.5.34.jar;C:\Users\mdraa\.m2\repository\ch\qos\logback\logback-core\1.5.34\logback-core-1.5.34.jar;C:\Users\mdraa\.m2\repository\org\apache\logging\log4j\log4j-to-slf4j\2.25.4\log4j-to-slf4j-2.25.4.jar;C:\Users\mdraa\.m2\repository\org\apache\logging\log4j\log4j-api\2.25.4\log4j-api-2.25.4.jar;C:\Users\mdraa\.m2\repository\org\slf4j\jul-to-slf4j\2.0.18\jul-to-slf4j-2.0.18.jar;C:\Users\mdraa\.m2\repository\jakarta\annotation\jakarta.annotation-api\3.0.0\jakarta.annotation-api-3.0.0.jar;C:\Users\mdraa\.m2\repository\org\yaml\snakeyaml\2.6\snakeyaml-2.6.jar;C:\Users\mdraa\.m2\repository\org\springframework\boot\spring-boot-starter-micrometer-metrics\4.1.0\spring-boot-starter-micrometer-metrics-4.1.0.jar;C:\Users\mdraa\.m2\repository\org\springframework\boot\spring-boot-micrometer-metrics\4.1.0\spring-boot-micrometer-metrics-4.1.0.jar;C:\Users\mdraa\.m2\repository\org\springframework\boot\spring-boot-micrometer-observation\4.1.0\spring-boot-micrometer-observation-4.1.0.jar;C:\Users\mdraa\.m2\repository\org\springframework\boot\spring-boot-actuator-autoconfigure\4.1.0\spring-boot-actuator-autoconfigure-4.1.0.jar;C:\Users\mdraa\.m2\repository\org\springframework\boot\spring-boot-actuator\4.1.0\spring-boot-actuator-4.1.0.jar;C:\Users\mdraa\.m2\repository\org\springframework\boot\spring-boot-health\4.1.0\spring-boot-health-4.1.0.jar;C:\Users\mdraa\.m2\repository\io\micrometer\micrometer-observation\1.17.0\micrometer-observation-1.17.0.jar;C:\Users\mdraa\.m2\repository\org\jspecify\jspecify\1.0.0\jspecify-1.0.0.jar;C:\Users\mdraa\.m2\repository\io\micrometer\micrometer-commons\1.17.0\micrometer-commons-1.17.0.jar;C:\Users\mdraa\.m2\repository\io\micrometer\micrometer-jakarta9\1.17.0\micrometer-jakarta9-1.17.0.jar;C:\Users\mdraa\.m2\repository\io\micrometer\micrometer-core\1.17.0\micrometer-core-1.17.0.jar;C:\Users\mdraa\.m2\repository\org\hdrhistogram\HdrHistogram\2.2.2\HdrHistogram-2.2.2.jar;C:\Users\mdraa\.m2\repository\org\springframework\boot\spring-boot-starter-validation\4.1.0\spring-boot-starter-validation-4.1.0.jar;C:\Users\mdraa\.m2\repository\org\springframework\boot\spring-boot-validation\4.1.0\spring-boot-validation-4.1.0.jar;C:\Users\mdraa\.m2\repository\org\apache\tomcat\embed\tomcat-embed-el\11.0.22\tomcat-embed-el-11.0.22.jar;C:\Users\mdraa\.m2\repository\org\hibernate\validator\hibernate-validator\9.1.0.Final\hibernate-validator-9.1.0.Final.jar;C:\Users\mdraa\.m2\repository\jakarta\validation\jakarta.validation-api\3.1.1\jakarta.validation-api-3.1.1.jar;C:\Users\mdraa\.m2\repository\org\jboss\logging\jboss-logging\3.6.3.Final\jboss-logging-3.6.3.Final.jar;C:\Users\mdraa\.m2\repository\com\fasterxml\classmate\1.7.3\classmate-1.7.3.jar;C:\Users\mdraa\.m2\repository\org\springframework\boot\spring-boot-starter-webmvc\4.1.0\spring-boot-starter-webmvc-4.1.0.jar;C:\Users\mdraa\.m2\repository\org\springframework\boot\spring-boot-starter-jackson\4.1.0\spring-boot-starter-jackson-4.1.0.jar;C:\Users\mdraa\.m2\repository\org\springframework\boot\spring-boot-jackson\4.1.0\spring-boot-jackson-4.1.0.jar;C:\Users\mdraa\.m2\repository\tools\jackson\core\jackson-databind\3.1.4\jackson-databind-3.1.4.jar;C:\Users\mdraa\.m2\repository\com\fasterxml\jackson\core\jackson-annotations\2.21\jackson-annotations-2.21.jar;C:\Users\mdraa\.m2\repository\tools\jackson\core\jackson-core\3.1.4\jackson-core-3.1.4.jar;C:\Users\mdraa\.m2\repository\org\springframework\boot\spring-boot-starter-tomcat\4.1.0\spring-boot-starter-tomcat-4.1.0.jar;C:\Users\mdraa\.m2\repository\org\springframework\boot\spring-boot-starter-tomcat-runtime\4.1.0\spring-boot-starter-tomcat-runtime-4.1.0.jar;C:\Users\mdraa\.m2\repository\org\apache\tomcat\embed\tomcat-embed-core\11.0.22\tomcat-embed-core-11.0.22.jar;C:\Users\mdraa\.m2\repository\org\apache\tomcat\embed\tomcat-embed-websocket\11.0.22\tomcat-embed-websocket-11.0.22.jar;C:\Users\mdraa\.m2\repository\org\springframework\boot\spring-boot-tomcat\4.1.0\spring-boot-tomcat-4.1.0.jar;C:\Users\mdraa\.m2\repository\org\springframework\boot\spring-boot-http-converter\4.1.0\spring-boot-http-converter-4.1.0.jar;C:\Users\mdraa\.m2\repository\org\springframework\spring-web\7.0.8\spring-web-7.0.8.jar;C:\Users\mdraa\.m2\repository\org\springframework\spring-beans\7.0.8\spring-beans-7.0.8.jar;C:\Users\mdraa\.m2\repository\org\springframework\boot\spring-boot-webmvc\4.1.0\spring-boot-webmvc-4.1.0.jar;C:\Users\mdraa\.m2\repository\org\springframework\boot\spring-boot-servlet\4.1.0\spring-boot-servlet-4.1.0.jar;C:\Users\mdraa\.m2\repository\org\springframework\spring-webmvc\7.0.8\spring-webmvc-7.0.8.jar;C:\Users\mdraa\.m2\repository\org\springframework\spring-aop\7.0.8\spring-aop-7.0.8.jar;C:\Users\mdraa\.m2\repository\org\springframework\spring-expression\7.0.8\spring-expression-7.0.8.jar;C:\Users\mdraa\.m2\repository\org\springframework\boot\spring-boot-devtools\4.1.0\spring-boot-devtools-4.1.0.jar;C:\Users\mdraa\.m2\repository\org\springframework\boot\spring-boot\4.1.0\spring-boot-4.1.0.jar;C:\Users\mdraa\.m2\repository\org\springframework\spring-core\7.0.8\spring-core-7.0.8.jar;C:\Users\mdraa\.m2\repository\commons-logging\commons-logging\1.3.6\commons-logging-1.3.6.jar;C:\Users\mdraa\.m2\repository\org\springframework\spring-context\7.0.8\spring-context-7.0.8.jar;C:\Users\mdraa\.m2\repository\org\springframework\boot\spring-boot-autoconfigure\4.1.0\spring-boot-autoconfigure-4.1.0.jar;C:\Users\mdraa\.m2\repository\org\slf4j\slf4j-api\2.0.18\slf4j-api-2.0.18.jar;C:\Users\mdraa\.m2\repository\org\springframework\boot\spring-boot-web-server\4.1.0\spring-boot-web-server-4.1.0.jar
Launcher Type: SUN_STANDARD

[Global flags]
     intx CICompilerCount                          = 4                                         {product} {ergonomic}
     uint ConcGCThreads                            = 3                                         {product} {ergonomic}
     uint G1ConcRefinementThreads                  = 10                                        {product} {ergonomic}
   size_t G1HeapRegionSize                         = 1048576                                   {product} {ergonomic}
   size_t InitialHeapSize                          = 98566144                                  {product} {ergonomic}
   size_t MarkStackSize                            = 4194304                                   {product} {ergonomic}
   size_t MarkStackSizeMax                         = 536870912                                 {product} {ergonomic}
   size_t MaxHeapSize                              = 1570766848                                {product} {ergonomic}
   size_t MaxNewSize                               = 941621248                                 {product} {ergonomic}
   size_t MinHeapDeltaBytes                        = 1048576                                   {product} {ergonomic}
   size_t MinHeapSize                              = 8388608                                   {product} {ergonomic}
    uintx NonNMethodCodeHeapSize                   = 5832704                                {pd product} {ergonomic}
    uintx NonProfiledCodeHeapSize                  = 122945536                              {pd product} {ergonomic}
    uintx ProfiledCodeHeapSize                     = 122880000                              {pd product} {ergonomic}
    uintx ReservedCodeCacheSize                    = 251658240                              {pd product} {ergonomic}
     bool SegmentedCodeCache                       = true                                      {product} {ergonomic}
   size_t SoftMaxHeapSize                          = 1570766848                             {manageable} {ergonomic}
     bool UseCompressedOops                        = true                           {product lp64_product} {ergonomic}
     bool UseG1GC                                  = true                                      {product} {ergonomic}
     bool UseLargePagesIndividualAllocation        = false                                  {pd product} {ergonomic}

Logging:
Log output configuration:
 #0: stdout all=warning uptime,level,tags foldmultilines=false
 #1: stderr all=off uptime,level,tags foldmultilines=false

Release file:
IMPLEMENTOR="Oracle Corporation" 
JAVA_RUNTIME_VERSION="25.0.2+10-69" 
JAVA_VERSION="25.0.2" 
JAVA_VERSION_DATE="2026-01-20" 
LIBC="default" 
MODULES="java.base java.compiler java.datatransfer java.xml java.prefs java.desktop java.instrument java.logging java.management java.security.sasl java.naming java.rmi java.management.rmi java.net.http java.scripting java.security.jgss java.transaction.xa java.sql java.sql.rowset java.xml.crypto java.se java.smartcardio jdk.accessibility jdk.internal.jvmstat jdk.attach jdk.charsets jdk.internal.opt jdk.zipfs jdk.compiler jdk.crypto.cryptoki jdk.crypto.ec jdk.crypto.mscapi jdk.dynalink jdk.internal.ed jdk.editpad jdk.internal.vm.ci jdk.graal.compiler jdk.graal.compiler.management jdk.hotspot.agent jdk.httpserver jdk.incubator.vector jdk.internal.le jdk.internal.md jdk.jartool jdk.javadoc jdk.jcmd jdk.management jdk.management.agent jdk.jconsole jdk.jdeps jdk.jdwp.agent jdk.jdi jdk.jfr jdk.jlink jdk.jpackage jdk.jshell jdk.jsobject jdk.jstatd jdk.localedata jdk.management.jfr jdk.naming.dns jdk.naming.rmi jdk.net jdk.nio.mapmode jdk.sctp jdk.security.auth jdk.security.jgss jdk.unsupported jdk.unsupported.desktop jdk.xml.dom" 
OS_ARCH="x86_64" 
OS_NAME="Windows" 
SOURCE=".:git:405a5699ebd0" 

Environment Variables:
JAVA_HOME=C:\Program Files\Java\jdk-21
PATH=C:\WINDOWS\system32;C:\WINDOWS;C:\WINDOWS\System32\Wbem;C:\WINDOWS\System32\WindowsPowerShell\v1.0\;C:\WINDOWS\System32\OpenSSH\;C:\Users\mdraa\AppData\Roaming\Microsoft\Windows\Start Menu\Programs\Python 3.13;C:\ProgramData\chocolatey\bin;C:\Program Files\Git\cmd;C:\Program Files\MySQL\MySQL Shell 8.0\bin;G:\PostgreSQL\18\bin;C:\Program Files\nodejs\;C:\WINDOWS\system32\config\systemprofile\AppData\Local\Muse Hub\lib;C:\Program Files\Docker\Docker\resources\bin;C:\Program Files\Java\jdk-21\bin;C:\Users\mdraa\AppData\Local\Programs\Python\Python313\Scripts\;C:\Users\mdraa\AppData\Local\Programs\Python\Python313\;C:\Users\mdraa\AppData\Local\Microsoft\WindowsApps;C:\Users\mdraa\AppData\Local\Programs\Microsoft VS Code\bin;C:\Program Files\JetBrains\IntelliJ IDEA 2025.2.1\bin;C:\Users\mdraa\AppData\Roaming\Microsoft\Windows\Start Menu\Programs\Python 3.13;C:\Program Files\PostgreSQL\18\bin;C:\Users\mdraa\AppData\Roaming\npm;C:\Users\mdraa\AppData\Local\JetBrains\Toolbox\scripts;C:\Users\mdraa\AppData\Local\Muse Hub\lib
USERNAME=mdraa
OS=Windows_NT
PROCESSOR_IDENTIFIER=AMD64 Family 23 Model 104 Stepping 1, AuthenticAMD
TMP=C:\Users\mdraa\AppData\Local\Temp
TEMP=C:\Users\mdraa\AppData\Local\Temp




Compilation memory statistics disabled.

Periodic native trim disabled

---------------  S Y S T E M  ---------------

OS:
 Windows 11 , 64 bit Build 26100 (10.0.26100.9168)
OS uptime: 2 days 23:57 hours
Hyper-V role detected

CPU: total 12 (initial active 12) (12 cores per cpu, 2 threads per core) family 23 model 104 stepping 1 microcode 0x8608103, cx8, cmov, fxsr, ht, mmx, 3dnowpref, sse, sse2, sse3, ssse3, sse4a, sse4.1, sse4.2, popcnt, lzcnt, tsc, tscinvbit, avx, avx2, aes, clmul, bmi1, bmi2, adx, sha, fma, vzeroupper, clflush, clflushopt, clwb, hv, rdtscp, rdpid, f16c
Processor Information for the first 12 processors :
  Max Mhz: 2100, Current Mhz: 1893, Mhz Limit: 2100

Memory: 4k page, system-wide physical 5989M (228M free)
TotalPageFile size 18710M (AvailPageFile size 2M)
current process WorkingSet (physical memory assigned to process): 80M, peak: 80M
current process commit charge ("private bytes"): 200M, peak: 200M

vm_info: OpenJDK 64-Bit Server VM (25.0.2+10-69) for windows-amd64 JRE (25.0.2+10-69), built on 2025-12-18T11:36:35Z with MS VC++ 17.13 (VS2022)

END.
