#
# There is insufficient memory for the Java Runtime Environment to continue.
# Native memory allocation (malloc) failed to allocate 2855448 bytes. Error detail: Chunk::new
# Possible reasons:
#   The system is out of physical RAM or swap space
#   This process is running with CompressedOops enabled, and the Java Heap may be blocking the growth of the native heap
# Possible solutions:
#   Reduce memory load on the system
#   Increase physical memory or swap space
#   Check if swap backing store is full
#   Decrease Java heap size (-Xmx/-Xms)
#   Decrease number of Java threads
#   Decrease Java thread stack sizes (-Xss)
#   Set larger code cache with -XX:ReservedCodeCacheSize=
#   JVM is running with Unscaled Compressed Oops mode in which the Java heap is
#     placed in the first 4GB address space. The Java Heap base address is the
#     maximum limit for the native heap growth. Please use -XX:HeapBaseMinAddress
#     to set the Java Heap base and to place the Java Heap above 4GB virtual address.
# This output file may be truncated or incomplete.
#
#  Out of Memory Error (arena.cpp:186), pid=21036, tid=8384
#
# JRE version: OpenJDK Runtime Environment (25.0.2+10) (build 25.0.2+10-69)
# Java VM: OpenJDK 64-Bit Server VM (25.0.2+10-69, mixed mode, sharing, tiered, compressed oops, compressed class ptrs, g1 gc, windows-amd64)
# No core dump will be written. Minidumps are not enabled by default on client versions of Windows
#

---------------  S U M M A R Y ------------

Command Line: -agentlib:jdwp=transport=dt_socket,address=127.0.0.1:61037,suspend=y,server=n -javaagent:C:\Users\mdraa\AppData\Local\JetBrains\IntelliJIdea2025.2\captureAgent\debugger-agent.jar=file:///C:/Users/mdraa/AppData/Local/Temp/capture11898934521688541627.props -agentpath:C:\Users\mdraa\AppData\Local\Temp\idea_libasyncProfiler_dll_temp_folder\libasyncProfiler.dll=version,jfr,event=wall,interval=10ms,cstack=no,file=C:\Users\mdraa\IdeaSnapshots\WeatherApiApplication_2026_08_20_000053.jfr,dbghelppath=C:\Users\mdraa\AppData\Local\Temp\idea_dbghelp_dll_temp_folder\dbghelp.dll,log=C:\Users\mdraa\AppData\Local\Temp\WeatherApiApplication_2026_08_20_000053.jfr.log.txt,logLevel=DEBUG -Dkotlinx.coroutines.debug.enable.creation.stack.trace=false -Ddebugger.agent.enable.coroutines=true -Dkotlinx.coroutines.debug.enable.flows.stack.trace=true -Dkotlinx.coroutines.debug.enable.mutable.state.flows.stack.trace=true -Dfile.encoding=UTF-8 -Dsun.stdout.encoding=UTF-8 -Dsun.stderr.encoding=UTF-8 com.raashidh.weather_api.WeatherApiApplication

Host: AMD Ryzen 5 5500U with Radeon Graphics         , 12 cores, 5G,  Windows 11 , 64 bit Build 26100 (10.0.26100.9168)
Time: Thu Aug 20 00:00:58 2026 India Standard Time elapsed time: 4.529556 seconds (0d 0h 0m 4s)

---------------  T H R E A D  ---------------

Current thread (0x00000265d338ef80):  JavaThread "C2 CompilerThread0" daemon [_thread_in_native, id=8384, stack(0x0000008b35000000,0x0000008b35100000) (1024K)]


Current CompileTask:
C2:4529 1588       4       java.util.jar.JarFile::getVersionedEntry (114 bytes)

Stack: [0x0000008b35000000,0x0000008b35100000]
Native frames: (J=compiled Java code, j=interpreted, Vv=VM code, C=native code)
V  [jvm.dll+0x7a70f9]  (no source info available)
V  [jvm.dll+0x772d6d]  (no source info available)
V  [jvm.dll+0x965d53]  (no source info available)
V  [jvm.dll+0x968351]  (no source info available)
V  [jvm.dll+0x968a63]  (no source info available)
V  [jvm.dll+0x2fc846]  (no source info available)
V  [jvm.dll+0x111b16]  (no source info available)
V  [jvm.dll+0x111e3e]  (no source info available)
V  [jvm.dll+0x1a0872]  (no source info available)
V  [jvm.dll+0x3b54c2]  (no source info available)
V  [jvm.dll+0x7aca8f]  (no source info available)
V  [jvm.dll+0x2c0b97]  (no source info available)
V  [jvm.dll+0x2bfb5f]  (no source info available)
V  [jvm.dll+0x2379a0]  (no source info available)
V  [jvm.dll+0x2cfc86]  (no source info available)
V  [jvm.dll+0x2cdf05]  (no source info available)
V  [jvm.dll+0x48e9d1]  (no source info available)
V  [jvm.dll+0x906fcd]  (no source info available)
V  [jvm.dll+0x7a56d5]  (no source info available)
C  [ucrtbase.dll+0x2cd30]  (no source info available)
C  [KERNEL32.DLL+0x2ccb7]  (no source info available)
C  [ntdll.dll+0xaad6c]  (no source info available)

Lock stack of current Java thread (top to bottom):


---------------  P R O C E S S  ---------------

Threads class SMR info:
_java_thread_list=0x00000265d8a689d0, length=17, elements={
0x00000265b604dfe0, 0x00000265b5cbdef0, 0x00000265d3349f40, 0x00000265d33510b0,
0x00000265d3351ed0, 0x00000265d33572b0, 0x00000265d335c450, 0x00000265d338ef80,
0x00000265d3395060, 0x00000265d35bdcb0, 0x00000265d3610450, 0x00000265d3610c20,
0x00000265d35ed660, 0x00000265d365d590, 0x00000265d3793790, 0x00000265d895dd70,
0x00000265d895e540
}

Java Threads: ( => current thread )
  0x00000265b604dfe0 JavaThread "main"                              [_thread_blocked, id=10696, stack(0x0000008b34200000,0x0000008b34300000) (1024K)]
  0x00000265b5cbdef0 JavaThread "Reference Handler"          daemon [_thread_blocked, id=15996, stack(0x0000008b34a00000,0x0000008b34b00000) (1024K)]
  0x00000265d3349f40 JavaThread "Finalizer"                  daemon [_thread_blocked, id=15932, stack(0x0000008b34b00000,0x0000008b34c00000) (1024K)]
  0x00000265d33510b0 JavaThread "Signal Dispatcher"          daemon [_thread_blocked, id=9996, stack(0x0000008b34c00000,0x0000008b34d00000) (1024K)]
  0x00000265d3351ed0 JavaThread "Attach Listener"            daemon [_thread_blocked, id=22452, stack(0x0000008b34d00000,0x0000008b34e00000) (1024K)]
  0x00000265d33572b0 JavaThread "Service Thread"             daemon [_thread_blocked, id=4456, stack(0x0000008b34e00000,0x0000008b34f00000) (1024K)]
  0x00000265d335c450 JavaThread "Monitor Deflation Thread"   daemon [_thread_blocked, id=10568, stack(0x0000008b34f00000,0x0000008b35000000) (1024K)]
=>0x00000265d338ef80 JavaThread "C2 CompilerThread0"         daemon [_thread_in_native, id=8384, stack(0x0000008b35000000,0x0000008b35100000) (1024K)]
  0x00000265d3395060 JavaThread "C1 CompilerThread0"         daemon [_thread_in_native, id=20032, stack(0x0000008b35100000,0x0000008b35200000) (1024K)]
  0x00000265d35bdcb0 JavaThread "JDWP Transport Listener: dt_socket" daemon [_thread_blocked, id=21340, stack(0x0000008b35200000,0x0000008b35300000) (1024K)]
  0x00000265d3610450 JavaThread "JDWP Event Helper Thread"   daemon [_thread_blocked, id=14684, stack(0x0000008b35300000,0x0000008b35400000) (1024K)]
  0x00000265d3610c20 JavaThread "JDWP Command Reader"        daemon [_thread_in_native, id=13688, stack(0x0000008b35400000,0x0000008b35500000) (1024K)]
  0x00000265d35ed660 JavaThread "Common-Cleaner"             daemon [_thread_blocked, id=18680, stack(0x0000008b35500000,0x0000008b35600000) (1024K)]
  0x00000265d365d590 JavaThread "IntelliJ Suspend Helper"    daemon [_thread_blocked, id=15260, stack(0x0000008b35600000,0x0000008b35700000) (1024K)]
  0x00000265d3793790 JavaThread "Notification Thread"        daemon [_thread_blocked, id=14808, stack(0x0000008b35700000,0x0000008b35800000) (1024K)]
  0x00000265d895dd70 JavaThread "Thread-0"                          [_thread_blocked, id=20644, stack(0x0000008b35800000,0x0000008b35900000) (1024K)]
  0x00000265d895e540 JavaThread "restartedMain"                     [_thread_in_vm, id=16000, stack(0x0000008b35900000,0x0000008b35a00000) (1024K)]
Total: 17

Other Threads:
  0x00000265b5cb48d0 VMThread "VM Thread"                           [id=17404, stack(0x0000008b34900000,0x0000008b34a00000) (1024K)]
  0x00000265b5c07aa0 WatcherThread "VM Periodic Task Thread"        [id=4560, stack(0x0000008b34800000,0x0000008b34900000) (1024K)]
  0x00000265b5b80450 WorkerThread "GC Thread#0"                     [id=18160, stack(0x0000008b34300000,0x0000008b34400000) (1024K)]
  0x00000265b5b92d00 ConcurrentGCThread "G1 Main Marker"            [id=20024, stack(0x0000008b34400000,0x0000008b34500000) (1024K)]
  0x00000265b5b949b0 WorkerThread "G1 Conc#0"                       [id=10476, stack(0x0000008b34500000,0x0000008b34600000) (1024K)]
  0x00000265b5beb490 ConcurrentGCThread "G1 Refine#0"               [id=3172, stack(0x0000008b34600000,0x0000008b34700000) (1024K)]
  0x00000265b5bedeb0 ConcurrentGCThread "G1 Service"                [id=23196, stack(0x0000008b34700000,0x0000008b34800000) (1024K)]
Total: 7

Threads with active compile tasks:
C2 CompilerThread0  4817 1588       4       java.util.jar.JarFile::getVersionedEntry (114 bytes)
Total: 1

VM state: not at safepoint (normal execution)

VM Mutex/Monitor currently owned by a thread: None

Heap address: 0x00000000a2600000, size: 1498 MB, Compressed Oops mode: 32-bit

CDS archive(s) mapped at: [0x000000001e000000-0x000000001edd0000-0x000000001edd0000), size 14483456, SharedBaseAddress: 0x000000001e000000, ArchiveRelocationMode: 1.
Compressed class space mapped at: 0x000000001f000000-0x000000005f000000, reserved size: 1073741824
UseCompressedClassPointers 1, UseCompactObjectHeaders 0
Narrow klass pointer bits 32, Max shift 3
Narrow klass base: 0x000000001e000000, Narrow klass shift: 0
Encoding Range: [0x000000001e000000 - 0x000000011e000000), (4294967296 bytes)
Klass Range:    [0x000000001e010000 - 0x000000005f000000), (1090453504 bytes)
Klass ID Range:  [65536 - 1090519033) (1090453497)
Protection zone: [0x000000001e000000 - 0x000000001e010000), (65536 bytes)

GC Precious Log:
 CardTable entry size: 512
 Card Set container configuration: InlinePtr #cards 5 size 8 Array Of Cards #cards 10 size 36 Howl #buckets 4 coarsen threshold 1843 Howl Bitmap #cards 512 size 80 coarsen threshold 460 Card regions per heap region 1 cards per card region 2048
 CPUs: 12 total, 12 available
 Memory: 5989M
 Large Page Support: Disabled
 NUMA Support: Disabled
 Compressed Oops: Enabled (32-bit)
 Heap Region Size: 1M
 Heap Min Capacity: 8M
 Heap Initial Capacity: 94M
 Heap Max Capacity: 1498M
 Pre-touch: Disabled
 Parallel Workers: 10
 Concurrent Workers: 3
 Concurrent Refinement Workers: 10
 Periodic GC: Disabled

Heap:
 garbage-first heap   total reserved 1533952K, committed 98304K, used 44179K [0x00000000a2600000, 0x0000000100000000)
  region size 1024K, 43 young (44032K), 0 survivors (0K)

Heap Regions: E=young(eden), S=young(survivor), O=old, HS=humongous(starts), HC=humongous(continues), CS=collection set, F=free, TAMS=top-at-mark-start, PB=parsable bottom
|   0|0x00000000a2600000, 0x00000000a2600000, 0x00000000a2700000|  0%| F|  |TAMS 0x00000000a2600000| PB 0x00000000a2600000| Untracked |  0
|   1|0x00000000a2700000, 0x00000000a2700000, 0x00000000a2800000|  0%| F|  |TAMS 0x00000000a2700000| PB 0x00000000a2700000| Untracked |  0
|   2|0x00000000a2800000, 0x00000000a2800000, 0x00000000a2900000|  0%| F|  |TAMS 0x00000000a2800000| PB 0x00000000a2800000| Untracked |  0
|   3|0x00000000a2900000, 0x00000000a2900000, 0x00000000a2a00000|  0%| F|  |TAMS 0x00000000a2900000| PB 0x00000000a2900000| Untracked |  0
|   4|0x00000000a2a00000, 0x00000000a2a00000, 0x00000000a2b00000|  0%| F|  |TAMS 0x00000000a2a00000| PB 0x00000000a2a00000| Untracked |  0
|   5|0x00000000a2b00000, 0x00000000a2b00000, 0x00000000a2c00000|  0%| F|  |TAMS 0x00000000a2b00000| PB 0x00000000a2b00000| Untracked |  0
|   6|0x00000000a2c00000, 0x00000000a2c00000, 0x00000000a2d00000|  0%| F|  |TAMS 0x00000000a2c00000| PB 0x00000000a2c00000| Untracked |  0
|   7|0x00000000a2d00000, 0x00000000a2d00000, 0x00000000a2e00000|  0%| F|  |TAMS 0x00000000a2d00000| PB 0x00000000a2d00000| Untracked |  0
|   8|0x00000000a2e00000, 0x00000000a2e00000, 0x00000000a2f00000|  0%| F|  |TAMS 0x00000000a2e00000| PB 0x00000000a2e00000| Untracked |  0
|   9|0x00000000a2f00000, 0x00000000a2f00000, 0x00000000a3000000|  0%| F|  |TAMS 0x00000000a2f00000| PB 0x00000000a2f00000| Untracked |  0
|  10|0x00000000a3000000, 0x00000000a3000000, 0x00000000a3100000|  0%| F|  |TAMS 0x00000000a3000000| PB 0x00000000a3000000| Untracked |  0
|  11|0x00000000a3100000, 0x00000000a3100000, 0x00000000a3200000|  0%| F|  |TAMS 0x00000000a3100000| PB 0x00000000a3100000| Untracked |  0
|  12|0x00000000a3200000, 0x00000000a3200000, 0x00000000a3300000|  0%| F|  |TAMS 0x00000000a3200000| PB 0x00000000a3200000| Untracked |  0
|  13|0x00000000a3300000, 0x00000000a3300000, 0x00000000a3400000|  0%| F|  |TAMS 0x00000000a3300000| PB 0x00000000a3300000| Untracked |  0
|  14|0x00000000a3400000, 0x00000000a3400000, 0x00000000a3500000|  0%| F|  |TAMS 0x00000000a3400000| PB 0x00000000a3400000| Untracked |  0
|  15|0x00000000a3500000, 0x00000000a3500000, 0x00000000a3600000|  0%| F|  |TAMS 0x00000000a3500000| PB 0x00000000a3500000| Untracked |  0
|  16|0x00000000a3600000, 0x00000000a3600000, 0x00000000a3700000|  0%| F|  |TAMS 0x00000000a3600000| PB 0x00000000a3600000| Untracked |  0
|  17|0x00000000a3700000, 0x00000000a3700000, 0x00000000a3800000|  0%| F|  |TAMS 0x00000000a3700000| PB 0x00000000a3700000| Untracked |  0
|  18|0x00000000a3800000, 0x00000000a3800000, 0x00000000a3900000|  0%| F|  |TAMS 0x00000000a3800000| PB 0x00000000a3800000| Untracked |  0
|  19|0x00000000a3900000, 0x00000000a3900000, 0x00000000a3a00000|  0%| F|  |TAMS 0x00000000a3900000| PB 0x00000000a3900000| Untracked |  0
|  20|0x00000000a3a00000, 0x00000000a3a00000, 0x00000000a3b00000|  0%| F|  |TAMS 0x00000000a3a00000| PB 0x00000000a3a00000| Untracked |  0
|  21|0x00000000a3b00000, 0x00000000a3b00000, 0x00000000a3c00000|  0%| F|  |TAMS 0x00000000a3b00000| PB 0x00000000a3b00000| Untracked |  0
|  22|0x00000000a3c00000, 0x00000000a3c00000, 0x00000000a3d00000|  0%| F|  |TAMS 0x00000000a3c00000| PB 0x00000000a3c00000| Untracked |  0
|  23|0x00000000a3d00000, 0x00000000a3d00000, 0x00000000a3e00000|  0%| F|  |TAMS 0x00000000a3d00000| PB 0x00000000a3d00000| Untracked |  0
|  24|0x00000000a3e00000, 0x00000000a3e00000, 0x00000000a3f00000|  0%| F|  |TAMS 0x00000000a3e00000| PB 0x00000000a3e00000| Untracked |  0
|  25|0x00000000a3f00000, 0x00000000a3f00000, 0x00000000a4000000|  0%| F|  |TAMS 0x00000000a3f00000| PB 0x00000000a3f00000| Untracked |  0
|  26|0x00000000a4000000, 0x00000000a4000000, 0x00000000a4100000|  0%| F|  |TAMS 0x00000000a4000000| PB 0x00000000a4000000| Untracked |  0
|  27|0x00000000a4100000, 0x00000000a4100000, 0x00000000a4200000|  0%| F|  |TAMS 0x00000000a4100000| PB 0x00000000a4100000| Untracked |  0
|  28|0x00000000a4200000, 0x00000000a4200000, 0x00000000a4300000|  0%| F|  |TAMS 0x00000000a4200000| PB 0x00000000a4200000| Untracked |  0
|  29|0x00000000a4300000, 0x00000000a4300000, 0x00000000a4400000|  0%| F|  |TAMS 0x00000000a4300000| PB 0x00000000a4300000| Untracked |  0
|  30|0x00000000a4400000, 0x00000000a4400000, 0x00000000a4500000|  0%| F|  |TAMS 0x00000000a4400000| PB 0x00000000a4400000| Untracked |  0
|  31|0x00000000a4500000, 0x00000000a4500000, 0x00000000a4600000|  0%| F|  |TAMS 0x00000000a4500000| PB 0x00000000a4500000| Untracked |  0
|  32|0x00000000a4600000, 0x00000000a4600000, 0x00000000a4700000|  0%| F|  |TAMS 0x00000000a4600000| PB 0x00000000a4600000| Untracked |  0
|  33|0x00000000a4700000, 0x00000000a4700000, 0x00000000a4800000|  0%| F|  |TAMS 0x00000000a4700000| PB 0x00000000a4700000| Untracked |  0
|  34|0x00000000a4800000, 0x00000000a4800000, 0x00000000a4900000|  0%| F|  |TAMS 0x00000000a4800000| PB 0x00000000a4800000| Untracked |  0
|  35|0x00000000a4900000, 0x00000000a4900000, 0x00000000a4a00000|  0%| F|  |TAMS 0x00000000a4900000| PB 0x00000000a4900000| Untracked |  0
|  36|0x00000000a4a00000, 0x00000000a4a00000, 0x00000000a4b00000|  0%| F|  |TAMS 0x00000000a4a00000| PB 0x00000000a4a00000| Untracked |  0
|  37|0x00000000a4b00000, 0x00000000a4b00000, 0x00000000a4c00000|  0%| F|  |TAMS 0x00000000a4b00000| PB 0x00000000a4b00000| Untracked |  0
|  38|0x00000000a4c00000, 0x00000000a4c00000, 0x00000000a4d00000|  0%| F|  |TAMS 0x00000000a4c00000| PB 0x00000000a4c00000| Untracked |  0
|  39|0x00000000a4d00000, 0x00000000a4d00000, 0x00000000a4e00000|  0%| F|  |TAMS 0x00000000a4d00000| PB 0x00000000a4d00000| Untracked |  0
|  40|0x00000000a4e00000, 0x00000000a4e00000, 0x00000000a4f00000|  0%| F|  |TAMS 0x00000000a4e00000| PB 0x00000000a4e00000| Untracked |  0
|  41|0x00000000a4f00000, 0x00000000a4f00000, 0x00000000a5000000|  0%| F|  |TAMS 0x00000000a4f00000| PB 0x00000000a4f00000| Untracked |  0
|  42|0x00000000a5000000, 0x00000000a5000000, 0x00000000a5100000|  0%| F|  |TAMS 0x00000000a5000000| PB 0x00000000a5000000| Untracked |  0
|  43|0x00000000a5100000, 0x00000000a5100000, 0x00000000a5200000|  0%| F|  |TAMS 0x00000000a5100000| PB 0x00000000a5100000| Untracked |  0
|  44|0x00000000a5200000, 0x00000000a5200000, 0x00000000a5300000|  0%| F|  |TAMS 0x00000000a5200000| PB 0x00000000a5200000| Untracked |  0
|  45|0x00000000a5300000, 0x00000000a5300000, 0x00000000a5400000|  0%| F|  |TAMS 0x00000000a5300000| PB 0x00000000a5300000| Untracked |  0
|  46|0x00000000a5400000, 0x00000000a5400000, 0x00000000a5500000|  0%| F|  |TAMS 0x00000000a5400000| PB 0x00000000a5400000| Untracked |  0
|  47|0x00000000a5500000, 0x00000000a5500000, 0x00000000a5600000|  0%| F|  |TAMS 0x00000000a5500000| PB 0x00000000a5500000| Untracked |  0
|  48|0x00000000a5600000, 0x00000000a5600000, 0x00000000a5700000|  0%| F|  |TAMS 0x00000000a5600000| PB 0x00000000a5600000| Untracked |  0
|  49|0x00000000a5700000, 0x00000000a5700000, 0x00000000a5800000|  0%| F|  |TAMS 0x00000000a5700000| PB 0x00000000a5700000| Untracked |  0
|  50|0x00000000a5800000, 0x00000000a5880000, 0x00000000a5900000| 50%| E|  |TAMS 0x00000000a5800000| PB 0x00000000a5800000| Complete |  0
|  51|0x00000000a5900000, 0x00000000a5a00000, 0x00000000a5a00000|100%| E|CS|TAMS 0x00000000a5900000| PB 0x00000000a5900000| Complete |  0
|  52|0x00000000a5a00000, 0x00000000a5b00000, 0x00000000a5b00000|100%| E|CS|TAMS 0x00000000a5a00000| PB 0x00000000a5a00000| Complete |  0
|  53|0x00000000a5b00000, 0x00000000a5c00000, 0x00000000a5c00000|100%| E|CS|TAMS 0x00000000a5b00000| PB 0x00000000a5b00000| Complete |  0
|  54|0x00000000a5c00000, 0x00000000a5d00000, 0x00000000a5d00000|100%| E|CS|TAMS 0x00000000a5c00000| PB 0x00000000a5c00000| Complete |  0
|  55|0x00000000a5d00000, 0x00000000a5e00000, 0x00000000a5e00000|100%| E|CS|TAMS 0x00000000a5d00000| PB 0x00000000a5d00000| Complete |  0
|  56|0x00000000a5e00000, 0x00000000a5f00000, 0x00000000a5f00000|100%| E|CS|TAMS 0x00000000a5e00000| PB 0x00000000a5e00000| Complete |  0
|  57|0x00000000a5f00000, 0x00000000a6000000, 0x00000000a6000000|100%| E|CS|TAMS 0x00000000a5f00000| PB 0x00000000a5f00000| Complete |  0
|  58|0x00000000a6000000, 0x00000000a6100000, 0x00000000a6100000|100%| E|CS|TAMS 0x00000000a6000000| PB 0x00000000a6000000| Complete |  0
|  59|0x00000000a6100000, 0x00000000a6200000, 0x00000000a6200000|100%| E|CS|TAMS 0x00000000a6100000| PB 0x00000000a6100000| Complete |  0
|  60|0x00000000a6200000, 0x00000000a6300000, 0x00000000a6300000|100%| E|CS|TAMS 0x00000000a6200000| PB 0x00000000a6200000| Complete |  0
|  61|0x00000000a6300000, 0x00000000a6400000, 0x00000000a6400000|100%| E|CS|TAMS 0x00000000a6300000| PB 0x00000000a6300000| Complete |  0
|  62|0x00000000a6400000, 0x00000000a6500000, 0x00000000a6500000|100%| E|CS|TAMS 0x00000000a6400000| PB 0x00000000a6400000| Complete |  0
|  63|0x00000000a6500000, 0x00000000a6600000, 0x00000000a6600000|100%| E|CS|TAMS 0x00000000a6500000| PB 0x00000000a6500000| Complete |  0
|  64|0x00000000a6600000, 0x00000000a6700000, 0x00000000a6700000|100%| E|CS|TAMS 0x00000000a6600000| PB 0x00000000a6600000| Complete |  0
|  65|0x00000000a6700000, 0x00000000a6800000, 0x00000000a6800000|100%| E|CS|TAMS 0x00000000a6700000| PB 0x00000000a6700000| Complete |  0
|  66|0x00000000a6800000, 0x00000000a6900000, 0x00000000a6900000|100%| E|CS|TAMS 0x00000000a6800000| PB 0x00000000a6800000| Complete |  0
|  67|0x00000000a6900000, 0x00000000a6a00000, 0x00000000a6a00000|100%| E|CS|TAMS 0x00000000a6900000| PB 0x00000000a6900000| Complete |  0
|  68|0x00000000a6a00000, 0x00000000a6b00000, 0x00000000a6b00000|100%| E|CS|TAMS 0x00000000a6a00000| PB 0x00000000a6a00000| Complete |  0
|  69|0x00000000a6b00000, 0x00000000a6c00000, 0x00000000a6c00000|100%| E|CS|TAMS 0x00000000a6b00000| PB 0x00000000a6b00000| Complete |  0
|  70|0x00000000a6c00000, 0x00000000a6d00000, 0x00000000a6d00000|100%| E|CS|TAMS 0x00000000a6c00000| PB 0x00000000a6c00000| Complete |  0
|  71|0x00000000a6d00000, 0x00000000a6e00000, 0x00000000a6e00000|100%| E|CS|TAMS 0x00000000a6d00000| PB 0x00000000a6d00000| Complete |  0
|  72|0x00000000a6e00000, 0x00000000a6f00000, 0x00000000a6f00000|100%| E|CS|TAMS 0x00000000a6e00000| PB 0x00000000a6e00000| Complete |  0
|  73|0x00000000a6f00000, 0x00000000a7000000, 0x00000000a7000000|100%| E|CS|TAMS 0x00000000a6f00000| PB 0x00000000a6f00000| Complete |  0
|  74|0x00000000a7000000, 0x00000000a7100000, 0x00000000a7100000|100%| E|CS|TAMS 0x00000000a7000000| PB 0x00000000a7000000| Complete |  0
|  75|0x00000000a7100000, 0x00000000a7200000, 0x00000000a7200000|100%| E|CS|TAMS 0x00000000a7100000| PB 0x00000000a7100000| Complete |  0
|  76|0x00000000a7200000, 0x00000000a7300000, 0x00000000a7300000|100%| E|CS|TAMS 0x00000000a7200000| PB 0x00000000a7200000| Complete |  0
|  77|0x00000000a7300000, 0x00000000a7400000, 0x00000000a7400000|100%| E|CS|TAMS 0x00000000a7300000| PB 0x00000000a7300000| Complete |  0
|  78|0x00000000a7400000, 0x00000000a7500000, 0x00000000a7500000|100%| E|CS|TAMS 0x00000000a7400000| PB 0x00000000a7400000| Complete |  0
|  79|0x00000000a7500000, 0x00000000a7600000, 0x00000000a7600000|100%| E|CS|TAMS 0x00000000a7500000| PB 0x00000000a7500000| Complete |  0
|  80|0x00000000a7600000, 0x00000000a7700000, 0x00000000a7700000|100%| E|CS|TAMS 0x00000000a7600000| PB 0x00000000a7600000| Complete |  0
|  81|0x00000000a7700000, 0x00000000a7800000, 0x00000000a7800000|100%| E|CS|TAMS 0x00000000a7700000| PB 0x00000000a7700000| Complete |  0
|  82|0x00000000a7800000, 0x00000000a7900000, 0x00000000a7900000|100%| E|CS|TAMS 0x00000000a7800000| PB 0x00000000a7800000| Complete |  0
|  83|0x00000000a7900000, 0x00000000a7a00000, 0x00000000a7a00000|100%| E|CS|TAMS 0x00000000a7900000| PB 0x00000000a7900000| Complete |  0
|  84|0x00000000a7a00000, 0x00000000a7b00000, 0x00000000a7b00000|100%| E|CS|TAMS 0x00000000a7a00000| PB 0x00000000a7a00000| Complete |  0
|  85|0x00000000a7b00000, 0x00000000a7c00000, 0x00000000a7c00000|100%| E|CS|TAMS 0x00000000a7b00000| PB 0x00000000a7b00000| Complete |  0
|  86|0x00000000a7c00000, 0x00000000a7d00000, 0x00000000a7d00000|100%| E|CS|TAMS 0x00000000a7c00000| PB 0x00000000a7c00000| Complete |  0
|  87|0x00000000a7d00000, 0x00000000a7e00000, 0x00000000a7e00000|100%| E|CS|TAMS 0x00000000a7d00000| PB 0x00000000a7d00000| Complete |  0
|  88|0x00000000a7e00000, 0x00000000a7f00000, 0x00000000a7f00000|100%| E|CS|TAMS 0x00000000a7e00000| PB 0x00000000a7e00000| Complete |  0
|  89|0x00000000a7f00000, 0x00000000a8000000, 0x00000000a8000000|100%| E|CS|TAMS 0x00000000a7f00000| PB 0x00000000a7f00000| Complete |  0
|  90|0x00000000a8000000, 0x00000000a8100000, 0x00000000a8100000|100%| E|CS|TAMS 0x00000000a8000000| PB 0x00000000a8000000| Complete |  0
|  91|0x00000000a8100000, 0x00000000a8200000, 0x00000000a8200000|100%| E|CS|TAMS 0x00000000a8100000| PB 0x00000000a8100000| Complete |  0
|  92|0x00000000a8200000, 0x00000000a8300000, 0x00000000a8300000|100%| E|CS|TAMS 0x00000000a8200000| PB 0x00000000a8200000| Complete |  0
|  93|0x00000000a8300000, 0x00000000a8400000, 0x00000000a8400000|100%| E|CS|TAMS 0x00000000a8300000| PB 0x00000000a8300000| Complete |  0
|1496|0x00000000ffe00000, 0x00000000fff00000, 0x00000000fff00000|100%| O|  |TAMS 0x00000000ffe00000| PB 0x00000000ffe00000| Untracked |  0
|1497|0x00000000fff00000, 0x00000000fff24ea8, 0x0000000100000000| 14%| O|  |TAMS 0x00000000fff00000| PB 0x00000000fff00000| Untracked |  0

Card table byte_map: [0x00000265cedb0000,0x00000265cf0a0000] _byte_map_base: 0x00000265ce89d000

Marking Bits: (CMBitMap*) 0x00000265b5b80ae0
 Bits: [0x00000265cf0a0000, 0x00000265d0808000)

Polling page: 0x00000265b4170000

Metaspace:
Metaspace        used 15107K, committed 15360K, reserved 1114112K
 class space     used 1724K, committed 1856K, reserved 1048576K

Usage:
  Non-class:     13.07 MB used.
      Class:      1.68 MB used.
       Both:     14.75 MB used.

Virtual space:
  Non-class space:       64.00 MB reserved,      13.19 MB ( 21%) committed,  1 nodes.
      Class space:        1.00 GB reserved,       1.81 MB ( <1%) committed,  1 nodes.
             Both:        1.06 GB reserved,      15.00 MB (  1%) committed. 

Chunk freelists:
   Non-Class:  2.09 MB
       Class:  14.04 MB
        Both:  16.14 MB

MaxMetaspaceSize: unlimited
CompressedClassSpaceSize: 1.00 GB
Initial GC threshold: 21.00 MB
Current GC threshold: 21.00 MB
CDS: on
 - commit_granule_bytes: 65536.
 - commit_granule_words: 8192.
 - virtual_space_node_default_size: 8388608.
 - enlarge_chunks_in_place: 1.
UseCompressedClassPointers 1, UseCompactObjectHeaders 0
Narrow klass pointer bits 32, Max shift 3
Narrow klass base: 0x000000001e000000, Narrow klass shift: 0
Encoding Range: [0x000000001e000000 - 0x000000011e000000), (4294967296 bytes)
Klass Range:    [0x000000001e010000 - 0x000000005f000000), (1090453504 bytes)
Klass ID Range:  [65536 - 1090519033) (1090453497)
Protection zone: [0x000000001e000000 - 0x000000001e010000), (65536 bytes)


Internal statistics:

num_allocs_failed_limit: 0.
num_arena_births: 170.
num_arena_deaths: 0.
num_vsnodes_births: 2.
num_vsnodes_deaths: 0.
num_space_committed: 240.
num_space_uncommitted: 0.
num_chunks_returned_to_freelist: 0.
num_chunks_taken_from_freelist: 461.
num_chunk_merges: 0.
num_chunk_splits: 278.
num_chunks_enlarged: 192.
num_inconsistent_stats: 0.

CodeHeap 'non-profiled nmethods': size=120064Kb used=512Kb max_used=512Kb free=119552Kb
 bounds [0x00000265c6ae0000, 0x00000265c6d50000, 0x00000265ce020000]
CodeHeap 'profiled nmethods': size=120000Kb used=2523Kb max_used=2523Kb free=117476Kb
 bounds [0x00000265bf020000, 0x00000265bf2a0000, 0x00000265c6550000]
CodeHeap 'non-nmethods': size=5696Kb used=1458Kb max_used=1479Kb free=4237Kb
 bounds [0x00000265c6550000, 0x00000265c67c0000, 0x00000265c6ae0000]
CodeCache: size=245760Kb, used=4493Kb, max_used=4514Kb, free=241265Kb
 total_blobs=2291, nmethods=1777, adapters=416, full_count=0
Compilation: enabled, stopped_count=0, restarted_count=0

Compilation events (20 events):
Event: 4.506 Thread 0x00000265d3395060 1599       3       jdk.internal.misc.Unsafe::getAndAddInt (27 bytes)
Event: 4.506 Thread 0x00000265d3395060 nmethod 1599 0x00000265bf259588 code [0x00000265bf259680, 0x00000265bf259918]
Event: 4.512 Thread 0x00000265d3395060 1600       3       java.lang.String::subSequence (7 bytes)
Event: 4.513 Thread 0x00000265d3395060 nmethod 1600 0x00000265bf259988 code [0x00000265bf259a80, 0x00000265bf259c58]
Event: 4.513 Thread 0x00000265d3395060 1601       1       java.util.Collections$EmptyIterator::hasNext (2 bytes)
Event: 4.513 Thread 0x00000265d3395060 nmethod 1601 0x00000265c6b59408 code [0x00000265c6b59500, 0x00000265c6b595c8]
Event: 4.513 Thread 0x00000265d3395060 1602       3       java.util.concurrent.CopyOnWriteArrayList$COWIterator::next (32 bytes)
Event: 4.513 Thread 0x00000265d3395060 nmethod 1602 0x00000265bf259c88 code [0x00000265bf259d80, 0x00000265bf25a0f0]
Event: 4.513 Thread 0x00000265d3395060 1603       3       java.util.stream.StreamSupport::stream (19 bytes)
Event: 4.514 Thread 0x00000265d3395060 nmethod 1603 0x00000265bf25a108 code [0x00000265bf25a200, 0x00000265bf25a638]
Event: 4.514 Thread 0x00000265d3395060 1606       3       org.springframework.boot.context.properties.bind.IndexedElementsBinder$$Lambda/0x000000001f19e5b8::test (12 bytes)
Event: 4.514 Thread 0x00000265d3395060 nmethod 1606 0x00000265bf25a688 code [0x00000265bf25a780, 0x00000265bf25ae28]
Event: 4.514 Thread 0x00000265d3395060 1605       3       java.util.Spliterators$ArraySpliterator::tryAdvance (58 bytes)
Event: 4.515 Thread 0x00000265d3395060 nmethod 1605 0x00000265bf25ae88 code [0x00000265bf25af80, 0x00000265bf25b320]
Event: 4.515 Thread 0x00000265d3395060 1604       3       java.util.stream.ReferencePipeline$Head::<init> (8 bytes)
Event: 4.515 Thread 0x00000265d3395060 nmethod 1604 0x00000265bf25b388 code [0x00000265bf25b480, 0x00000265bf25b640]
Event: 4.517 Thread 0x00000265d3395060 1607       3       org.springframework.boot.context.properties.source.ConfigurationPropertyName::getElement (161 bytes)
Event: 4.519 Thread 0x00000265d3395060 nmethod 1607 0x00000265bf25b688 code [0x00000265bf25b780, 0x00000265bf25c878]
Event: 4.519 Thread 0x00000265d3395060 1608       1       org.springframework.boot.context.properties.source.SpringConfigurationPropertySource::getUnderlyingSource (5 bytes)
Event: 4.519 Thread 0x00000265d3395060 nmethod 1608 0x00000265c6b59708 code [0x00000265c6b59800, 0x00000265c6b598c8]

GC Heap Usage History (0 events):
No events

Metaspace Usage History (0 events):
No events

Dll operation events (10 events):
Event: 0.112 Loaded shared library C:\Users\mdraa\.jdks\openjdk-25.0.2\bin\java.dll
Event: 0.114 Loaded shared library C:\Users\mdraa\.jdks\openjdk-25.0.2\bin\zip.dll
Event: 1.413 Loaded shared library C:\Users\mdraa\.jdks\openjdk-25.0.2\bin\instrument.dll
Event: 1.495 Loaded shared library C:\Users\mdraa\.jdks\openjdk-25.0.2\bin\verify.dll
Event: 1.676 Loaded shared library C:\Users\mdraa\.jdks\openjdk-25.0.2\bin\net.dll
Event: 1.679 Loaded shared library C:\Users\mdraa\.jdks\openjdk-25.0.2\bin\nio.dll
Event: 1.751 Loaded shared library C:\Users\mdraa\.jdks\openjdk-25.0.2\bin\zip.dll
Event: 1.964 Loaded shared library C:\Users\mdraa\.jdks\openjdk-25.0.2\bin\jimage.dll
Event: 3.202 Loaded shared library C:\Users\mdraa\.jdks\openjdk-25.0.2\bin\management.dll
Event: 3.210 Loaded shared library C:\Users\mdraa\.jdks\openjdk-25.0.2\bin\management_ext.dll

Deoptimization events (20 events):
Event: 3.925 Thread 0x00000265d895e540 Uncommon trap: trap_request=0xffffffd6 fr.pc=0x00000265c6b494b4 relative=0x0000000000000614
Event: 3.925 Thread 0x00000265d895e540 Uncommon trap: reason=array_check action=maybe_recompile pc=0x00000265c6b494b4 method=jdk.internal.classfile.impl.SplitConstantPool.internalAdd(Ljava/lang/classfile/constantpool/PoolEntry;I)Ljava/lang/classfile/constantpool/PoolEntry; @ 46 c2
Event: 3.925 Thread 0x00000265d895e540 DEOPT PACKING pc=0x00000265c6b494b4 sp=0x0000008b359fd4f0
Event: 3.925 Thread 0x00000265d895e540 DEOPT UNPACKING pc=0x00000265c667f802 sp=0x0000008b359fd4a0 mode 2
Event: 4.025 Thread 0x00000265d895e540 Uncommon trap: trap_request=0xffffff45 fr.pc=0x00000265c6b3f41c relative=0x000000000000021c
Event: 4.025 Thread 0x00000265d895e540 Uncommon trap: reason=unstable_if action=reinterpret pc=0x00000265c6b3f41c method=java.lang.String.startsWith(Ljava/lang/String;I)Z @ 1 c2
Event: 4.025 Thread 0x00000265d895e540 DEOPT PACKING pc=0x00000265c6b3f41c sp=0x0000008b359fddf0
Event: 4.025 Thread 0x00000265d895e540 DEOPT UNPACKING pc=0x00000265c667f802 sp=0x0000008b359fdda0 mode 2
Event: 4.071 Thread 0x00000265d895e540 Uncommon trap: trap_request=0xffffffc6 fr.pc=0x00000265c6b40a24 relative=0x00000000000003a4
Event: 4.071 Thread 0x00000265d895e540 Uncommon trap: reason=bimorphic_or_optimized_type_check action=maybe_recompile pc=0x00000265c6b40a24 method=java.util.HashMap.getNode(Ljava/lang/Object;)Ljava/util/HashMap$Node; @ 63 c2
Event: 4.071 Thread 0x00000265d895e540 DEOPT PACKING pc=0x00000265c6b40a24 sp=0x0000008b359fea00
Event: 4.071 Thread 0x00000265d895e540 DEOPT UNPACKING pc=0x00000265c667f802 sp=0x0000008b359fe948 mode 2
Event: 4.141 Thread 0x00000265d895e540 Uncommon trap: trap_request=0xffffffde fr.pc=0x00000265c6b4ad10 relative=0x0000000000000b10
Event: 4.141 Thread 0x00000265d895e540 Uncommon trap: reason=class_check action=maybe_recompile pc=0x00000265c6b4ad10 method=java.util.HashMap.putVal(ILjava/lang/Object;Ljava/lang/Object;ZZ)Ljava/lang/Object; @ 91 c2
Event: 4.141 Thread 0x00000265d895e540 DEOPT PACKING pc=0x00000265c6b4ad10 sp=0x0000008b359fe4d0
Event: 4.141 Thread 0x00000265d895e540 DEOPT UNPACKING pc=0x00000265c667f802 sp=0x0000008b359fe3f0 mode 2
Event: 4.143 Thread 0x00000265d895e540 Uncommon trap: trap_request=0xffffffde fr.pc=0x00000265c6b4ad10 relative=0x0000000000000b10
Event: 4.143 Thread 0x00000265d895e540 Uncommon trap: reason=class_check action=maybe_recompile pc=0x00000265c6b4ad10 method=java.util.HashMap.putVal(ILjava/lang/Object;Ljava/lang/Object;ZZ)Ljava/lang/Object; @ 91 c2
Event: 4.143 Thread 0x00000265d895e540 DEOPT PACKING pc=0x00000265c6b4ad10 sp=0x0000008b359fe4d0
Event: 4.144 Thread 0x00000265d895e540 DEOPT UNPACKING pc=0x00000265c667f802 sp=0x0000008b359fe3f0 mode 2

Classes loaded (20 events):
Event: 4.437 Loading class org/springframework/boot/context/config/SystemEnvironmentConfigDataLoader
Event: 4.437 Loading class org/springframework/boot/context/config/SystemEnvironmentConfigDataLoader done
Event: 4.438 Loading class org/springframework/boot/context/config/SystemEnvironmentConfigDataResource
Event: 4.438 Loading class org/springframework/boot/context/config/SystemEnvironmentConfigDataResource done
Event: 4.439 Loading class org/springframework/boot/context/config/ConfigDataResourceNotFoundException
Event: 4.439 Loading class org/springframework/boot/context/config/ConfigDataResourceNotFoundException done
Event: 4.441 Loading class org/springframework/boot/env/DefaultPropertiesPropertySource
Event: 4.441 Loading class org/springframework/boot/env/DefaultPropertiesPropertySource done
Event: 4.442 Loading class org/springframework/boot/context/config/ConfigDataEnvironmentContributor
Event: 4.442 Loading class org/springframework/boot/context/config/ConfigDataEnvironmentContributor done
Event: 4.445 Loading class org/springframework/boot/context/config/ConfigDataEnvironmentContributor$Kind
Event: 4.445 Loading class org/springframework/boot/context/config/ConfigDataEnvironmentContributor$Kind done
Event: 4.518 Loading class org/springframework/boot/context/config/ConfigDataProperties
Event: 4.518 Loading class org/springframework/boot/context/config/ConfigDataProperties done
Event: 4.521 Loading class org/springframework/boot/context/config/ConfigDataLocation
Event: 4.521 Loading class org/springframework/boot/context/config/ConfigDataLocation done
Event: 4.521 Loading class org/springframework/boot/context/config/ConfigDataLocation
Event: 4.521 Loading class org/springframework/boot/context/config/ConfigDataLocation done
Event: 4.524 Loading class org/springframework/boot/context/config/ConfigDataEnvironmentContributors
Event: 4.524 Loading class org/springframework/boot/context/config/ConfigDataEnvironmentContributors done

Classes unloaded (0 events):
No events

Classes redefined (1 events):
Event: 1.537 Thread 0x00000265b5cb48d0 redefined class name=java.lang.Throwable, count=1

Internal exceptions (20 events):
Event: 3.135 Thread 0x00000265b604dfe0 Exception <a 'java/lang/NoSuchMethodError'{0x00000000a6c04e20}: 'java.lang.Object java.lang.invoke.DirectMethodHandle$Holder.invokeSpecialIFC(java.lang.Object, java.lang.Object, java.lang.Object, java.lang.Object)'> (0x00000000a6c04e20) 
thrown [s\open\src\hotspot\share\interpreter\linkResolver.cpp, line 804]
Event: 3.142 Thread 0x00000265b604dfe0 Exception <a 'java/lang/NoSuchMethodError'{0x00000000a6c28550}: 'java.lang.Object java.lang.invoke.DirectMethodHandle$Holder.invokeInterface(java.lang.Object, java.lang.Object, java.lang.Object)'> (0x00000000a6c28550) 
thrown [s\open\src\hotspot\share\interpreter\linkResolver.cpp, line 804]
Event: 3.350 Thread 0x00000265d895e540 Exception <a 'java/lang/NoSuchMethodError'{0x00000000a6802a40}: 'void java.lang.invoke.DirectMethodHandle$Holder.invokeStatic(java.lang.Object, java.lang.Object)'> (0x00000000a6802a40) 
thrown [s\open\src\hotspot\share\interpreter\linkResolver.cpp, line 804]
Event: 3.432 Thread 0x00000265d895e540 Exception <a 'java/lang/NoSuchMethodError'{0x00000000a6757a80}: 'java.lang.Object java.lang.invoke.DirectMethodHandle$Holder.newInvokeSpecial(java.lang.Object, java.lang.Object, java.lang.Object, java.lang.Object, java.lang.Object)'> (0x00000000a6757a80) 
thrown [s\open\src\hotspot\share\interpreter\linkResolver.cpp, line 804]
Event: 3.533 Thread 0x00000265d895e540 Exception <a 'java/lang/IncompatibleClassChangeError'{0x00000000a66994c0}: Found class java.lang.Object, but interface was expected> (0x00000000a66994c0) 
thrown [s\open\src\hotspot\share\interpreter\linkResolver.cpp, line 871]
Event: 3.582 Thread 0x00000265d895e540 Exception <a 'sun/nio/fs/WindowsException'{0x00000000a652ba10}> (0x00000000a652ba10) 
thrown [s\open\src\hotspot\share\prims\jni.cpp, line 516]
Event: 3.882 Thread 0x00000265d895e540 Exception <a 'java/lang/NoSuchMethodError'{0x00000000a6208f90}: 'java.lang.Object java.lang.invoke.DirectMethodHandle$Holder.invokeStatic(java.lang.Object, long, java.lang.Object)'> (0x00000000a6208f90) 
thrown [s\open\src\hotspot\share\interpreter\linkResolver.cpp, line 804]
Event: 3.884 Thread 0x00000265d895e540 Exception <a 'java/lang/NoSuchMethodError'{0x00000000a6211100}: 'java.lang.Object java.lang.invoke.DirectMethodHandle$Holder.invokeStaticInit(java.lang.Object, long, java.lang.Object)'> (0x00000000a6211100) 
thrown [s\open\src\hotspot\share\interpreter\linkResolver.cpp, line 804]
Event: 3.887 Thread 0x00000265d895e540 Exception <a 'java/lang/NoSuchMethodError'{0x00000000a6220750}: 'java.lang.Object java.lang.invoke.DirectMethodHandle$Holder.newInvokeSpecial(java.lang.Object, long)'> (0x00000000a6220750) 
thrown [s\open\src\hotspot\share\interpreter\linkResolver.cpp, line 804]
Event: 4.068 Thread 0x00000265d895e540 Exception <a 'java/lang/NoSuchMethodError'{0x00000000a61d5ce8}: 'java.lang.Object java.lang.invoke.DirectMethodHandle$Holder.invokeStaticInit(java.lang.Object, int, int, int, int)'> (0x00000000a61d5ce8) 
thrown [s\open\src\hotspot\share\interpreter\linkResolver.cpp, line 804]
Event: 4.109 Thread 0x00000265d895e540 Exception <a 'java/lang/NoSuchMethodError'{0x00000000a6046238}: 'void java.lang.invoke.DirectMethodHandle$Holder.invokeStaticInit(java.lang.Object)'> (0x00000000a6046238) 
thrown [s\open\src\hotspot\share\interpreter\linkResolver.cpp, line 804]
Event: 4.277 Thread 0x00000265d895e540 Exception <a 'java/lang/NoSuchMethodError'{0x00000000a5e7a3a8}: 'java.lang.Object java.lang.invoke.DirectMethodHandle$Holder.invokeSpecial(java.lang.Object, java.lang.Object, java.lang.Object, java.lang.Object, java.lang.Object, java.lang.Object, java.lang.Object, int)'> (0x00000000a5e7a3a8) 
thrown [s\open\src\hotspot\share\interpreter\linkResolver.cpp, line 804]
Event: 4.281 Thread 0x00000265d895e540 Exception <a 'java/lang/NoSuchMethodError'{0x00000000a5e8cad0}: 'java.lang.Object java.lang.invoke.DirectMethodHandle$Holder.newInvokeSpecial(java.lang.Object, java.lang.Object, java.lang.Object, java.lang.Object, java.lang.Object, java.lang.Object, java.lang.Object, int)'> (0x00000000a5e8cad0) 
thrown [s\open\src\hotspot\share\interpreter\linkResolver.cpp, line 804]
Event: 4.290 Thread 0x00000265d895e540 Exception <a 'java/lang/NoSuchMethodError'{0x00000000a5eb8a48}: 'java.lang.Object java.lang.invoke.DirectMethodHandle$Holder.newInvokeSpecial(java.lang.Object, java.lang.Object, java.lang.Object, java.lang.Object, java.lang.Object, int)'> (0x00000000a5eb8a48) 
thrown [s\open\src\hotspot\share\interpreter\linkResolver.cpp, line 804]
Event: 4.292 Thread 0x00000265d895e540 Exception <a 'java/lang/NoSuchMethodError'{0x00000000a5ec1558}: 'java.lang.Object java.lang.invoke.DirectMethodHandle$Holder.invokeSpecial(java.lang.Object, java.lang.Object, java.lang.Object, java.lang.Object, java.lang.Object, java.lang.Object, int)'> (0x00000000a5ec1558) 
thrown [s\open\src\hotspot\share\interpreter\linkResolver.cpp, line 804]
Event: 4.300 Thread 0x00000265d895e540 Exception <a 'java/lang/NoSuchMethodError'{0x00000000a5eddaf0}: 'void java.lang.invoke.DirectMethodHandle$Holder.invokeStaticInit(java.lang.Object, java.lang.Object)'> (0x00000000a5eddaf0) 
thrown [s\open\src\hotspot\share\interpreter\linkResolver.cpp, line 804]
Event: 4.312 Thread 0x00000265d895e540 Exception <a 'java/lang/NoSuchMethodError'{0x00000000a5d0fc00}: 'void java.lang.invoke.DirectMethodHandle$Holder.invokeInterface(java.lang.Object, java.lang.Object)'> (0x00000000a5d0fc00) 
thrown [s\open\src\hotspot\share\interpreter\linkResolver.cpp, line 804]
Event: 4.327 Thread 0x00000265d895e540 Exception <a 'java/lang/NoSuchMethodError'{0x00000000a5d51a50}: 'int java.lang.invoke.DirectMethodHandle$Holder.invokeStatic(java.lang.Object, java.lang.Object, java.lang.Object, java.lang.Object)'> (0x00000000a5d51a50) 
thrown [s\open\src\hotspot\share\interpreter\linkResolver.cpp, line 804]
Event: 4.398 Thread 0x00000265d895e540 Exception <a 'java/lang/NoSuchMethodError'{0x00000000a5c0b1c8}: 'java.lang.Object java.lang.invoke.DirectMethodHandle$Holder.newInvokeSpecial(java.lang.Object, java.lang.Object, java.lang.Object, java.lang.Object, java.lang.Object, java.lang.Object, int)'> (0x00000000a5c0b1c8) 
thrown [s\open\src\hotspot\share\interpreter\linkResolver.cpp, line 804]
Event: 4.401 Thread 0x00000265d895e540 Exception <a 'java/lang/NoSuchMethodError'{0x00000000a5c13d30}: 'java.lang.Object java.lang.invoke.Invokers$Holder.linkToTargetMethod(java.lang.Object, java.lang.Object, java.lang.Object, java.lang.Object, java.lang.Object, int, java.lang.Object)'> (0x00000000a5c13d30) 
thrown [s\open\src\hotspot\share\interpreter\linkResolver.cpp, line 804]

VM Operations (20 events):
Event: 0.285 Executing non-safepoint VM operation: HandshakeAllThreads (Deoptimize)
Event: 0.285 Executing non-safepoint VM operation: HandshakeAllThreads (Deoptimize) done
Event: 1.405 Executing safepoint VM operation: ChangeBreakpoints
Event: 1.405 Executing safepoint VM operation: ChangeBreakpoints done
Event: 1.408 Executing safepoint VM operation: ChangeBreakpoints
Event: 1.408 Executing safepoint VM operation: ChangeBreakpoints done
Event: 1.536 Executing safepoint VM operation: RedefineClasses
Event: 1.539 Executing safepoint VM operation: RedefineClasses done
Event: 1.557 Executing safepoint VM operation: get/set locals
Event: 1.557 Executing safepoint VM operation: get/set locals done
Event: 2.086 Executing non-safepoint VM operation: HandshakeAllThreads (Deoptimize)
Event: 2.086 Executing non-safepoint VM operation: HandshakeAllThreads (Deoptimize) done
Event: 2.335 Executing non-safepoint VM operation: HandshakeAllThreads (Deoptimize)
Event: 2.335 Executing non-safepoint VM operation: HandshakeAllThreads (Deoptimize) done
Event: 2.427 Executing non-safepoint VM operation: HandshakeAllThreads (Deoptimize)
Event: 2.427 Executing non-safepoint VM operation: HandshakeAllThreads (Deoptimize) done
Event: 3.025 Executing non-safepoint VM operation: HandshakeAllThreads (Deoptimize)
Event: 3.026 Executing non-safepoint VM operation: HandshakeAllThreads (Deoptimize) done
Event: 3.957 Executing non-safepoint VM operation: HandshakeAllThreads (Deoptimize)
Event: 3.957 Executing non-safepoint VM operation: HandshakeAllThreads (Deoptimize) done

Memory protections (0 events):
No events

Nmethod flushes (0 events):
No events

Events (17 events):
Event: 0.137 Thread 0x00000265b604dfe0 Thread added: 0x00000265b604dfe0
Event: 0.157 Thread 0x00000265b604dfe0 Thread added: 0x00000265b5cbdef0
Event: 0.157 Thread 0x00000265b604dfe0 Thread added: 0x00000265d3349f40
Event: 0.158 Thread 0x00000265b604dfe0 Thread added: 0x00000265d33510b0
Event: 0.158 Thread 0x00000265b604dfe0 Thread added: 0x00000265d3351ed0
Event: 0.158 Thread 0x00000265b604dfe0 Thread added: 0x00000265d33572b0
Event: 0.158 Thread 0x00000265b604dfe0 Thread added: 0x00000265d335c450
Event: 0.158 Thread 0x00000265b604dfe0 Thread added: 0x00000265d338ef80
Event: 0.159 Thread 0x00000265b604dfe0 Thread added: 0x00000265d3395060
Event: 0.336 Thread 0x00000265b604dfe0 Thread added: 0x00000265d35bdcb0
Event: 0.336 Thread 0x00000265b604dfe0 Thread added: 0x00000265d3610450
Event: 0.337 Thread 0x00000265d35bdcb0 Thread added: 0x00000265d3610c20
Event: 1.471 Thread 0x00000265b604dfe0 Thread added: 0x00000265d35ed660
Event: 1.570 Thread 0x00000265b604dfe0 Thread added: 0x00000265d365d590
Event: 1.585 Thread 0x00000265b604dfe0 Thread added: 0x00000265d3793790
Event: 3.334 Thread 0x00000265b604dfe0 Thread added: 0x00000265d895dd70
Event: 3.346 Thread 0x00000265d895dd70 Thread added: 0x00000265d895e540


Dynamic libraries:
0x00007ff79aad0000 - 0x00007ff79aade000 	C:\Users\mdraa\.jdks\openjdk-25.0.2\bin\java.exe
0x00007ffaa9000000 - 0x00007ffaa9266000 	C:\WINDOWS\SYSTEM32\ntdll.dll
0x00007ffaa8b00000 - 0x00007ffaa8bc9000 	C:\WINDOWS\System32\KERNEL32.DLL
0x00007ffaa6210000 - 0x00007ffaa660f000 	C:\WINDOWS\System32\KERNELBASE.dll
0x00007ffaa6980000 - 0x00007ffaa6acc000 	C:\WINDOWS\System32\ucrtbase.dll
0x00007ffa953e0000 - 0x00007ffa953f7000 	C:\Users\mdraa\.jdks\openjdk-25.0.2\bin\jli.dll
0x00007ffa7d7a0000 - 0x00007ffa7d7be000 	C:\Users\mdraa\.jdks\openjdk-25.0.2\bin\VCRUNTIME140.dll
0x00007ffaa7220000 - 0x00007ffaa73e6000 	C:\WINDOWS\System32\USER32.dll
0x00007ffa91220000 - 0x00007ffa914b1000 	C:\WINDOWS\WinSxS\amd64_microsoft.windows.common-controls_6595b64144ccf1df_6.0.26100.8972_none_3e0da176e32f9d4b\COMCTL32.dll
0x00007ffaa66e0000 - 0x00007ffaa6707000 	C:\WINDOWS\System32\win32u.dll
0x00007ffaa8970000 - 0x00007ffaa8a19000 	C:\WINDOWS\System32\msvcrt.dll
0x00007ffaa70b0000 - 0x00007ffaa70db000 	C:\WINDOWS\System32\GDI32.dll
0x00007ffaa6850000 - 0x00007ffaa6979000 	C:\WINDOWS\System32\gdi32full.dll
0x00007ffaa67a0000 - 0x00007ffaa6843000 	C:\WINDOWS\System32\msvcp_win.dll
0x00007ffaa70e0000 - 0x00007ffaa7112000 	C:\WINDOWS\System32\IMM32.DLL
0x00007ffa7d8f0000 - 0x00007ffa7d8fc000 	C:\Users\mdraa\.jdks\openjdk-25.0.2\bin\vcruntime140_1.dll
0x00007ff9fb420000 - 0x00007ff9fb4ad000 	C:\Users\mdraa\.jdks\openjdk-25.0.2\bin\msvcp140.dll
0x00007ff9acc80000 - 0x00007ff9adadf000 	C:\Users\mdraa\.jdks\openjdk-25.0.2\bin\server\jvm.dll
0x00007ffaa8a30000 - 0x00007ffaa8aec000 	C:\WINDOWS\System32\ADVAPI32.dll
0x00007ffaa6d30000 - 0x00007ffaa6dda000 	C:\WINDOWS\System32\sechost.dll
0x00007ffaa7950000 - 0x00007ffaa7a68000 	C:\WINDOWS\System32\RPCRT4.dll
0x00007ffaa78c0000 - 0x00007ffaa7942000 	C:\WINDOWS\System32\WS2_32.dll
0x00007ffaa6090000 - 0x00007ffaa60ee000 	C:\WINDOWS\SYSTEM32\POWRPROF.dll
0x00007ffa9f370000 - 0x00007ffa9f37b000 	C:\WINDOWS\SYSTEM32\VERSION.dll
0x00007ffa9d1c0000 - 0x00007ffa9d1f6000 	C:\WINDOWS\SYSTEM32\WINMM.dll
0x00007ffaa6070000 - 0x00007ffaa6085000 	C:\WINDOWS\SYSTEM32\UMPDC.dll
0x00007ffaa4f00000 - 0x00007ffaa4f1b000 	C:\WINDOWS\SYSTEM32\kernel.appcore.dll
0x00007ffa7d790000 - 0x00007ffa7d79a000 	C:\Users\mdraa\.jdks\openjdk-25.0.2\bin\jimage.dll
0x00007ffa9a2a0000 - 0x00007ffa9a4e2000 	C:\WINDOWS\SYSTEM32\DBGHELP.DLL
0x00007ffaa7400000 - 0x00007ffaa7785000 	C:\WINDOWS\System32\combase.dll
0x00007ffaa77e0000 - 0x00007ffaa78b9000 	C:\WINDOWS\System32\OLEAUT32.dll
0x00007ffa8d110000 - 0x00007ffa8d14b000 	C:\WINDOWS\SYSTEM32\dbgcore.DLL
0x00007ffaa6ae0000 - 0x00007ffaa6b8c000 	C:\WINDOWS\System32\bcryptPrimitives.dll
0x00007ffa3c920000 - 0x00007ffa3c95d000 	C:\Users\mdraa\.jdks\openjdk-25.0.2\bin\jdwp.dll
0x00007ffa95530000 - 0x00007ffa95540000 	C:\Users\mdraa\.jdks\openjdk-25.0.2\bin\instrument.dll
0x00007ffa75a60000 - 0x00007ffa75a7f000 	C:\Users\mdraa\.jdks\openjdk-25.0.2\bin\java.dll
0x00007ffaa8bf0000 - 0x00007ffaa8d89000 	C:\WINDOWS\System32\ole32.dll
0x00007ffaa81e0000 - 0x00007ffaa8968000 	C:\WINDOWS\System32\SHELL32.dll
0x00007ff9f9c50000 - 0x00007ff9f9e61000 	C:\Users\mdraa\AppData\Local\Temp\idea_libasyncProfiler_dll_temp_folder\libasyncProfiler.dll
0x00007ffa4a650000 - 0x00007ffa4a667000 	C:\Users\mdraa\.jdks\openjdk-25.0.2\bin\zip.dll
0x00007ffaa3cb0000 - 0x00007ffaa454b000 	C:\WINDOWS\SYSTEM32\windows.storage.dll
0x00007ffaa6fb0000 - 0x00007ffaa70a9000 	C:\WINDOWS\System32\SHCORE.dll
0x00007ffaa7120000 - 0x00007ffaa7186000 	C:\WINDOWS\System32\shlwapi.dll
0x00007ffaa6130000 - 0x00007ffaa6159000 	C:\WINDOWS\SYSTEM32\profapi.dll
0x00007ffa6f8c0000 - 0x00007ffa6f8cc000 	C:\Users\mdraa\.jdks\openjdk-25.0.2\bin\dt_socket.dll
0x00007ffaa4880000 - 0x00007ffaa48b3000 	C:\WINDOWS\SYSTEM32\IPHLPAPI.DLL
0x00007ffaa54b0000 - 0x00007ffaa551c000 	C:\WINDOWS\system32\mswsock.dll
0x00007ffa7a050000 - 0x00007ffa7a060000 	C:\Users\mdraa\.jdks\openjdk-25.0.2\bin\verify.dll
0x00007ffa6f900000 - 0x00007ffa6f912000 	C:\Users\mdraa\.jdks\openjdk-25.0.2\bin\net.dll
0x00007ffa6d760000 - 0x00007ffa6d776000 	C:\Users\mdraa\.jdks\openjdk-25.0.2\bin\nio.dll
0x00007ffa7e3f0000 - 0x00007ffa7e3fa000 	C:\Users\mdraa\.jdks\openjdk-25.0.2\bin\management.dll
0x00007ffa73290000 - 0x00007ffa7329c000 	C:\Users\mdraa\.jdks\openjdk-25.0.2\bin\management_ext.dll
0x00007ffaa6de0000 - 0x00007ffaa6de8000 	C:\WINDOWS\System32\PSAPI.DLL

JVMTI agents:
jdwp path:C:\Users\mdraa\.jdks\openjdk-25.0.2\bin\jdwp.dll, loaded, initialized, options:transport=dt_socket,address=127.0.0.1:61037,suspend=y,server=n
C:\Users\mdraa\AppData\Local\JetBrains\IntelliJIdea2025.2\captureAgent\debugger-agent.jar path:C:\Users\mdraa\.jdks\openjdk-25.0.2\bin\instrument.dll, loaded, initialized, instrumentlib options:file:///C:/Users/mdraa/AppData/Local/Temp/capture11898934521688541627.props
C:\Users\mdraa\AppData\Local\Temp\idea_libasyncProfiler_dll_temp_folder\libasyncProfiler.dll path:C:\Users\mdraa\AppData\Local\Temp\idea_libasyncProfiler_dll_temp_folder\libasyncProfiler.dll, loaded, initialized, options:version,jfr,event=wall,interval=10ms,cstack=no,file=C:\Users\mdraa\IdeaSnapshots\WeatherApiApplication_2026_08_20_000053.jfr,dbghelppath=C:\Users\mdraa\AppData\Local\Temp\idea_dbghelp_dll_temp_folder\dbghelp.dll,log=C:\Users\mdraa\AppData\Local\Temp\WeatherApiApplication_2026_08_20_000053.jfr.log.txt,logLevel=DEBUG

dbghelp: loaded successfully - version: 4.0.5 - missing functions: none
symbol engine: initialized successfully - sym options: 0x614 - pdb path: .;C:\Users\mdraa\.jdks\openjdk-25.0.2\bin;C:\WINDOWS\SYSTEM32;C:\WINDOWS\WinSxS\amd64_microsoft.windows.common-controls_6595b64144ccf1df_6.0.26100.8972_none_3e0da176e32f9d4b;C:\Users\mdraa\.jdks\openjdk-25.0.2\bin\server;C:\Users\mdraa\AppData\Local\Temp\idea_libasyncProfiler_dll_temp_folder

VM Arguments:
jvm_args: -agentlib:jdwp=transport=dt_socket,address=127.0.0.1:61037,suspend=y,server=n -javaagent:C:\Users\mdraa\AppData\Local\JetBrains\IntelliJIdea2025.2\captureAgent\debugger-agent.jar=file:///C:/Users/mdraa/AppData/Local/Temp/capture11898934521688541627.props -agentpath:C:\Users\mdraa\AppData\Local\Temp\idea_libasyncProfiler_dll_temp_folder\libasyncProfiler.dll=version,jfr,event=wall,interval=10ms,cstack=no,file=C:\Users\mdraa\IdeaSnapshots\WeatherApiApplication_2026_08_20_000053.jfr,dbghelppath=C:\Users\mdraa\AppData\Local\Temp\idea_dbghelp_dll_temp_folder\dbghelp.dll,log=C:\Users\mdraa\AppData\Local\Temp\WeatherApiApplication_2026_08_20_000053.jfr.log.txt,logLevel=DEBUG -Dkotlinx.coroutines.debug.enable.creation.stack.trace=false -Ddebugger.agent.enable.coroutines=true -Dkotlinx.coroutines.debug.enable.flows.stack.trace=true -Dkotlinx.coroutines.debug.enable.mutable.state.flows.stack.trace=true -Dfile.encoding=UTF-8 -Dsun.stdout.encoding=UTF-8 -Dsun.stderr.encoding=UTF-8 
java_command: com.raashidh.weather_api.WeatherApiApplication
java_class_path (initial): D:\Spring\weather-api\target\classes;C:\Users\mdraa\.m2\repository\org\springframework\boot\spring-boot-starter-actuator\4.1.0\spring-boot-starter-actuator-4.1.0.jar;C:\Users\mdraa\.m2\repository\org\springframework\boot\spring-boot-starter\4.1.0\spring-boot-starter-4.1.0.jar;C:\Users\mdraa\.m2\repository\org\springframework\boot\spring-boot-starter-logging\4.1.0\spring-boot-starter-logging-4.1.0.jar;C:\Users\mdraa\.m2\repository\ch\qos\logback\logback-classic\1.5.34\logback-classic-1.5.34.jar;C:\Users\mdraa\.m2\repository\ch\qos\logback\logback-core\1.5.34\logback-core-1.5.34.jar;C:\Users\mdraa\.m2\repository\org\apache\logging\log4j\log4j-to-slf4j\2.25.4\log4j-to-slf4j-2.25.4.jar;C:\Users\mdraa\.m2\repository\org\apache\logging\log4j\log4j-api\2.25.4\log4j-api-2.25.4.jar;C:\Users\mdraa\.m2\repository\org\slf4j\jul-to-slf4j\2.0.18\jul-to-slf4j-2.0.18.jar;C:\Users\mdraa\.m2\repository\jakarta\annotation\jakarta.annotation-api\3.0.0\jakarta.annotation-api-3.0.0.jar;C:\Users\mdraa\.m2\repository\org\yaml\snakeyaml\2.6\snakeyaml-2.6.jar;C:\Users\mdraa\.m2\repository\org\springframework\boot\spring-boot-starter-micrometer-metrics\4.1.0\spring-boot-starter-micrometer-metrics-4.1.0.jar;C:\Users\mdraa\.m2\repository\org\springframework\boot\spring-boot-micrometer-metrics\4.1.0\spring-boot-micrometer-metrics-4.1.0.jar;C:\Users\mdraa\.m2\repository\org\springframework\boot\spring-boot-micrometer-observation\4.1.0\spring-boot-micrometer-observation-4.1.0.jar;C:\Users\mdraa\.m2\repository\org\springframework\boot\spring-boot-actuator-autoconfigure\4.1.0\spring-boot-actuator-autoconfigure-4.1.0.jar;C:\Users\mdraa\.m2\repository\org\springframework\boot\spring-boot-actuator\4.1.0\spring-boot-actuator-4.1.0.jar;C:\Users\mdraa\.m2\repository\org\springframework\boot\spring-boot-health\4.1.0\spring-boot-health-4.1.0.jar;C:\Users\mdraa\.m2\repository\io\micrometer\micrometer-observation\1.17.0\micrometer-observation-1.17.0.jar;C:\Users\mdraa\.m2\repository\org\jspecify\jspecify\1.0.0\jspecify-1.0.0.jar;C:\Users\mdraa\.m2\repository\io\micrometer\micrometer-commons\1.17.0\micrometer-commons-1.17.0.jar;C:\Users\mdraa\.m2\repository\io\micrometer\micrometer-jakarta9\1.17.0\micrometer-jakarta9-1.17.0.jar;C:\Users\mdraa\.m2\repository\io\micrometer\micrometer-core\1.17.0\micrometer-core-1.17.0.jar;C:\Users\mdraa\.m2\repository\org\hdrhistogram\HdrHistogram\2.2.2\HdrHistogram-2.2.2.jar;C:\Users\mdraa\.m2\repository\org\springframework\boot\spring-boot-starter-validation\4.1.0\spring-boot-starter-validation-4.1.0.jar;C:\Users\mdraa\.m2\repository\org\springframework\boot\spring-boot-validation\4.1.0\spring-boot-validation-4.1.0.jar;C:\Users\mdraa\.m2\repository\org\apache\tomcat\embed\tomcat-embed-el\11.0.22\tomcat-embed-el-11.0.22.jar;C:\Users\mdraa\.m2\repository\org\hibernate\validator\hibernate-validator\9.1.0.Final\hibernate-validator-9.1.0.Final.jar;C:\Users\mdraa\.m2\repository\jakarta\validation\jakarta.validation-api\3.1.1\jakarta.validation-api-3.1.1.jar;C:\Users\mdraa\.m2\repository\org\jboss\logging\jboss-logging\3.6.3.Final\jboss-logging-3.6.3.Final.jar;C:\Users\mdraa\.m2\repository\com\fasterxml\classmate\1.7.3\classmate-1.7.3.jar;C:\Users\mdraa\.m2\repository\org\springframework\boot\spring-boot-starter-webmvc\4.1.0\spring-boot-starter-webmvc-4.1.0.jar;C:\Users\mdraa\.m2\repository\org\springframework\boot\spring-boot-starter-jackson\4.1.0\spring-boot-starter-jackson-4.1.0.jar;C:\Users\mdraa\.m2\repository\org\springframework\boot\spring-boot-jackson\4.1.0\spring-boot-jackson-4.1.0.jar;C:\Users\mdraa\.m2\repository\tools\jackson\core\jackson-databind\3.1.4\jackson-databind-3.1.4.jar;C:\Users\mdraa\.m2\repository\com\fasterxml\jackson\core\jackson-annotations\2.21\jackson-annotations-2.21.jar;C:\Users\mdraa\.m2\repository\tools\jackson\core\jackson-core\3.1.4\jackson-core-3.1.4.jar;C:\Users\mdraa\.m2\repository\org\springframework\boot\spring-boot-starter-tomcat\4.1.0\spring-boot-starter-tomcat-4.1.0.jar;C:\Users\mdraa\.m2\repository\org\springframework\boot\spring-boot-starter-tomcat-runtime\4.1.0\spring-boot-starter-tomcat-runtime-4.1.0.jar;C:\Users\mdraa\.m2\repository\org\apache\tomcat\embed\tomcat-embed-core\11.0.22\tomcat-embed-core-11.0.22.jar;C:\Users\mdraa\.m2\repository\org\apache\tomcat\embed\tomcat-embed-websocket\11.0.22\tomcat-embed-websocket-11.0.22.jar;C:\Users\mdraa\.m2\repository\org\springframework\boot\spring-boot-tomcat\4.1.0\spring-boot-tomcat-4.1.0.jar;C:\Users\mdraa\.m2\repository\org\springframework\boot\spring-boot-http-converter\4.1.0\spring-boot-http-converter-4.1.0.jar;C:\Users\mdraa\.m2\repository\org\springframework\spring-web\7.0.8\spring-web-7.0.8.jar;C:\Users\mdraa\.m2\repository\org\springframework\spring-beans\7.0.8\spring-beans-7.0.8.jar;C:\Users\mdraa\.m2\repository\org\springframework\boot\spring-boot-webmvc\4.1.0\spring-boot-webmvc-4.1.0.jar;C:\Users\mdraa\.m2\repository\org\springframework\boot\spring-boot-servlet\4.1.0\spring-boot-servlet-4.1.0.jar;C:\Users\mdraa\.m2\repository\org\springframework\spring-webmvc\7.0.8\spring-webmvc-7.0.8.jar;C:\Users\mdraa\.m2\repository\org\springframework\spring-aop\7.0.8\spring-aop-7.0.8.jar;C:\Users\mdraa\.m2\repository\org\springframework\spring-expression\7.0.8\spring-expression-7.0.8.jar;C:\Users\mdraa\.m2\repository\org\springframework\boot\spring-boot-devtools\4.1.0\spring-boot-devtools-4.1.0.jar;C:\Users\mdraa\.m2\repository\org\springframework\boot\spring-boot\4.1.0\spring-boot-4.1.0.jar;C:\Users\mdraa\.m2\repository\org\springframework\spring-core\7.0.8\spring-core-7.0.8.jar;C:\Users\mdraa\.m2\repository\commons-logging\commons-logging\1.3.6\commons-logging-1.3.6.jar;C:\Users\mdraa\.m2\repository\org\springframework\spring-context\7.0.8\spring-context-7.0.8.jar;C:\Users\mdraa\.m2\repository\org\springframework\boot\spring-boot-autoconfigure\4.1.0\spring-boot-autoconfigure-4.1.0.jar;C:\Users\mdraa\.m2\repository\org\slf4j\slf4j-api\2.0.18\slf4j-api-2.0.18.jar;C:\Users\mdraa\.m2\repository\org\springframework\boot\spring-boot-web-server\4.1.0\spring-boot-web-server-4.1.0.jar;C:\Program Files\JetBrains\IntelliJ IDEA 2025.2.1\lib\idea_rt.jar
Launcher Type: SUN_STANDARD

[Global flags]
     intx CICompilerCount                          = 4                                         {product} {ergonomic}
     uint ConcGCThreads                            = 3                                         {product} {ergonomic}
     uint G1ConcRefinementThreads                  = 10                                        {product} {ergonomic}
   size_t G1HeapRegionSize                         = 1048576                                   {product} {ergonomic}
   size_t InitialHeapSize                          = 98566144                                  {product} {ergonomic}
   size_t MarkStackSize                            = 4194304                                   {product} {ergonomic}
   size_t MarkStackSizeMax                         = 536870912                                 {product} {ergonomic}
   size_t MaxHeapSize                              = 1570766848                                {product} {ergonomic}
   size_t MaxNewSize                               = 941621248                                 {product} {ergonomic}
   size_t MinHeapDeltaBytes                        = 1048576                                   {product} {ergonomic}
   size_t MinHeapSize                              = 8388608                                   {product} {ergonomic}
    uintx NonNMethodCodeHeapSize                   = 5832704                                {pd product} {ergonomic}
    uintx NonProfiledCodeHeapSize                  = 122945536                              {pd product} {ergonomic}
    uintx ProfiledCodeHeapSize                     = 122880000                              {pd product} {ergonomic}
    uintx ReservedCodeCacheSize                    = 251658240                              {pd product} {ergonomic}
     bool SegmentedCodeCache                       = true                                      {product} {ergonomic}
   size_t SoftMaxHeapSize                          = 1570766848                             {manageable} {ergonomic}
     bool UseCompressedOops                        = true                           {product lp64_product} {ergonomic}
     bool UseG1GC                                  = true                                      {product} {ergonomic}
     bool UseLargePagesIndividualAllocation        = false                                  {pd product} {ergonomic}

Logging:
Log output configuration:
 #0: stdout all=warning uptime,level,tags foldmultilines=false
 #1: stderr all=off uptime,level,tags foldmultilines=false

Release file:
IMPLEMENTOR="Oracle Corporation" 
JAVA_RUNTIME_VERSION="25.0.2+10-69" 
JAVA_VERSION="25.0.2" 
JAVA_VERSION_DATE="2026-01-20" 
LIBC="default" 
MODULES="java.base java.compiler java.datatransfer java.xml java.prefs java.desktop java.instrument java.logging java.management java.security.sasl java.naming java.rmi java.management.rmi java.net.http java.scripting java.security.jgss java.transaction.xa java.sql java.sql.rowset java.xml.crypto java.se java.smartcardio jdk.accessibility jdk.internal.jvmstat jdk.attach jdk.charsets jdk.internal.opt jdk.zipfs jdk.compiler jdk.crypto.cryptoki jdk.crypto.ec jdk.crypto.mscapi jdk.dynalink jdk.internal.ed jdk.editpad jdk.internal.vm.ci jdk.graal.compiler jdk.graal.compiler.management jdk.hotspot.agent jdk.httpserver jdk.incubator.vector jdk.internal.le jdk.internal.md jdk.jartool jdk.javadoc jdk.jcmd jdk.management jdk.management.agent jdk.jconsole jdk.jdeps jdk.jdwp.agent jdk.jdi jdk.jfr jdk.jlink jdk.jpackage jdk.jshell jdk.jsobject jdk.jstatd jdk.localedata jdk.management.jfr jdk.naming.dns jdk.naming.rmi jdk.net jdk.nio.mapmode jdk.sctp jdk.security.auth jdk.security.jgss jdk.unsupported jdk.unsupported.desktop jdk.xml.dom" 
OS_ARCH="x86_64" 
OS_NAME="Windows" 
SOURCE=".:git:405a5699ebd0" 

Environment Variables:
JAVA_HOME=C:\Program Files\Java\jdk-21
PATH=C:\WINDOWS\system32;C:\WINDOWS;C:\WINDOWS\System32\Wbem;C:\WINDOWS\System32\WindowsPowerShell\v1.0\;C:\WINDOWS\System32\OpenSSH\;C:\Users\mdraa\AppData\Roaming\Microsoft\Windows\Start Menu\Programs\Python 3.13;C:\ProgramData\chocolatey\bin;C:\Program Files\Git\cmd;C:\Program Files\MySQL\MySQL Shell 8.0\bin;G:\PostgreSQL\18\bin;C:\Program Files\nodejs\;C:\WINDOWS\system32\config\systemprofile\AppData\Local\Muse Hub\lib;C:\Program Files\Docker\Docker\resources\bin;C:\Program Files\Java\jdk-21\bin;C:\Users\mdraa\AppData\Local\Programs\Python\Python313\Scripts\;C:\Users\mdraa\AppData\Local\Programs\Python\Python313\;C:\Users\mdraa\AppData\Local\Microsoft\WindowsApps;C:\Users\mdraa\AppData\Local\Programs\Microsoft VS Code\bin;C:\Program Files\JetBrains\IntelliJ IDEA 2025.2.1\bin;C:\Users\mdraa\AppData\Roaming\Microsoft\Windows\Start Menu\Programs\Python 3.13;C:\Program Files\PostgreSQL\18\bin;C:\Users\mdraa\AppData\Roaming\npm;C:\Users\mdraa\AppData\Local\JetBrains\Toolbox\scripts;C:\Users\mdraa\AppData\Local\Muse Hub\lib
USERNAME=mdraa
OS=Windows_NT
PROCESSOR_IDENTIFIER=AMD64 Family 23 Model 104 Stepping 1, AuthenticAMD
TMP=C:\Users\mdraa\AppData\Local\Temp
TEMP=C:\Users\mdraa\AppData\Local\Temp




Compilation memory statistics disabled.

Periodic native trim disabled

---------------  S Y S T E M  ---------------

OS:
 Windows 11 , 64 bit Build 26100 (10.0.26100.9168)
OS uptime: 2 days 23:57 hours
Hyper-V role detected

CPU: total 12 (initial active 12) (12 cores per cpu, 2 threads per core) family 23 model 104 stepping 1 microcode 0x8608103, cx8, cmov, fxsr, ht, mmx, 3dnowpref, sse, sse2, sse3, ssse3, sse4a, sse4.1, sse4.2, popcnt, lzcnt, tsc, tscinvbit, avx, avx2, aes, clmul, bmi1, bmi2, adx, sha, fma, vzeroupper, clflush, clflushopt, clwb, hv, rdtscp, rdpid, f16c
Processor Information for the first 12 processors :
  Max Mhz: 2100, Current Mhz: 1893, Mhz Limit: 2100

Memory: 4k page, system-wide physical 5989M (228M free)
TotalPageFile size 18710M (AvailPageFile size 2M)
current process WorkingSet (physical memory assigned to process): 129M, peak: 129M
current process commit charge ("private bytes"): 235M, peak: 237M

vm_info: OpenJDK 64-Bit Server VM (25.0.2+10-69) for windows-amd64 JRE (25.0.2+10-69), built on 2025-12-18T11:36:35Z with MS VC++ 17.13 (VS2022)

END.
